[new.vikababy.com/index.html]
[backblue.gif]
[fade.gif]
[index.html]
[new.vikababy.com/static/version1628677971/frontend/Smartwave/porto/bg_BG/mage/calendar.css]
[new.vikababy.com/static/version1628677971/frontend/Smartwave/porto/bg_BG/css/styles-m.css]
[new.vikababy.com/static/version1628677971/frontend/Smartwave/porto/bg_BG/owl.carousel/assets/owl.carousel.css]
[new.vikababy.com/static/version1628677971/frontend/Smartwave/porto/bg_BG/fancybox/css/jquery.fancybox.css]
[new.vikababy.com/static/version1628677971/frontend/Smartwave/porto/bg_BG/icon-fonts/css/porto-icons-codes.css]
[new.vikababy.com/static/version1628677971/frontend/Smartwave/porto/bg_BG/icon-fonts/css/animation.css]
[new.vikababy.com/static/version1628677971/frontend/Smartwave/porto/bg_BG/font-awesome/css/font-awesome.min.css]
[new.vikababy.com/static/version1628677971/frontend/Smartwave/porto/bg_BG/Mageplaza_Core/css/owl.carousel.css]
[new.vikababy.com/static/version1628677971/frontend/Smartwave/porto/bg_BG/Mageplaza_Core/css/owl.theme.css]
[new.vikababy.com/static/version1628677971/frontend/Smartwave/porto/bg_BG/Mageplaza_Core/css/font-awesome.min.css]
[new.vikababy.com/static/version1628677971/frontend/Smartwave/porto/bg_BG/Magento_Swatches/css/swatches.css]
[new.vikababy.com/static/version1628677971/frontend/Smartwave/porto/bg_BG/Magezon_Core/css/styles.css]
[new.vikababy.com/static/version1628677971/frontend/Smartwave/porto/bg_BG/Magezon_Core/css/owlcarousel/owl.carousel.min.css]
[new.vikababy.com/static/version1628677971/frontend/Smartwave/porto/bg_BG/Magezon_Core/css/animate.css]
[new.vikababy.com/static/version1628677971/frontend/Smartwave/porto/bg_BG/Magezon_Core/css/fontawesome5.css]
[new.vikababy.com/static/version1628677971/frontend/Smartwave/porto/bg_BG/Magezon_Core/css/mgz_font.css]
[new.vikababy.com/static/version1628677971/frontend/Smartwave/porto/bg_BG/Magezon_Core/css/mgz_bootstrap.css]
[new.vikababy.com/static/version1628677971/frontend/Smartwave/porto/bg_BG/Magezon_Builder/css/openiconic.min.css]
[new.vikababy.com/static/version1628677971/frontend/Smartwave/porto/bg_BG/Magezon_Builder/css/styles.css]
[new.vikababy.com/static/version1628677971/frontend/Smartwave/porto/bg_BG/Magezon_Builder/css/common.css]
[new.vikababy.com/static/version1628677971/frontend/Smartwave/porto/bg_BG/Magezon_Newsletter/css/styles.css]
[new.vikababy.com/static/version1628677971/frontend/Smartwave/porto/bg_BG/Magezon_Core/css/magnific.css]
[new.vikababy.com/static/version1628677971/frontend/Smartwave/porto/bg_BG/Magezon_PageBuilder/css/styles.css]
[new.vikababy.com/static/version1628677971/frontend/Smartwave/porto/bg_BG/Magezon_PageBuilder/vendor/photoswipe/photoswipe.css]
[new.vikababy.com/static/version1628677971/frontend/Smartwave/porto/bg_BG/Magezon_PageBuilder/vendor/photoswipe/default-skin/default-skin.css]
[new.vikababy.com/static/version1628677971/frontend/Smartwave/porto/bg_BG/Magezon_PageBuilder/vendor/blueimp/css/blueimp-gallery.min.css]
[new.vikababy.com/static/version1628677971/frontend/Smartwave/porto/bg_BG/Magezon_PageBuilderIconBox/css/styles.css]
[new.vikababy.com/static/version1628677971/frontend/Smartwave/porto/bg_BG/Smartwave_Dailydeals/css/style.css]
[new.vikababy.com/static/version1628677971/frontend/Smartwave/porto/bg_BG/Mageplaza_SocialLogin/css/style.css]
[new.vikababy.com/static/version1628677971/frontend/Smartwave/porto/bg_BG/Mageplaza_Core/css/grid-mageplaza.css]
[new.vikababy.com/static/version1628677971/frontend/Smartwave/porto/bg_BG/Mageplaza_Core/css/magnific-popup.css]
[new.vikababy.com/static/version1628677971/frontend/Smartwave/porto/bg_BG/css/styles-l.css]
[new.vikababy.com/static/version1628677971/frontend/Smartwave/porto/bg_BG/css/print.css]
[external.html]
[new.vikababy.com/static/version1628677971/_cache/merged/13eaa1469ac28ce4dbc002e39cadef78.js]
[new.vikababy.com/media/favicon/stores/1/vika-baby-favicon.png]
[new.vikababy.com/media/porto/web/bootstrap/css/bootstrap.optimized.min.css]
[new.vikababy.com/media/porto/web/css/animate.optimized.css]
[new.vikababy.com/media/porto/web/css/header/type5.css]
[new.vikababy.com/media/porto/web/css/custom.css]
[new.vikababy.com/media/porto/configed_css/design_default.css]
[new.vikababy.com/media/porto/configed_css/settings_default.css]
[new.vikababy.com/media/za-vikababy.jpg]
[new.vikababy.com/contact.html]
[new.vikababy.com/media/logo/stores/1/logo-vika.png]
[new.vikababy.com/media/mageplaza/search/default_0.js]
[new.vikababy.com/customer/account/login/referer/aHR0cHM6Ly9uZXcudmlrYWJhYnkuY29tLw,,/index.html]
[new.vikababy.com/rodilki.html]
[new.vikababy.com/customer/account/create/index.html]
[new.vikababy.com/checkout/cart/index.html]
[new.vikababy.com/catalogsearch/advanced/index.html]
[new.vikababy.com/bremenni.html]
[new.vikababy.com/za-bebeto.html]
[new.vikababy.com/bebenosene.html]
[new.vikababy.com/za-detskata-staja.html]
[new.vikababy.com/media/captcha/base/8b9c34bb13131f4f49905dc4f3b39e1a.png]
[new.vikababy.com/media/vikababy-mama-i-bebe.jpg]
[new.vikababy.com/teniska-za-bremenni-ili-karmachki-s-kas-rakav.html]
[new.vikababy.com/teniska-za-bremenni-zheni-s-kas-rakav-ednocvetna.html]
[new.vikababy.com/bluza-za-karmene-s-dal-g-rakav.html]
[new.vikababy.com/teniska-za-bremenni-s-kas-rakav-i-zabavna-schampa.html]
[new.vikababy.com/ljatna-roklja-za-bremenni-i-karmachki-s-kas-rakav.html]
[new.vikababy.com/teniski-za-bremenni-zabavni-nadpisi-i-schampa.html]
[new.vikababy.com/universalna-razg-vaema-ranica-za-kolichka-s-funkcija-koshara-i-podlozhka-za-smjana.html]
[new.vikababy.com/chantichka-organaizer-za-pampersi-i-bebeshki-aksesoari.html]
[new.vikababy.com/media/kozmetika_za_reducirane_na_korem_i_bedra.jpg]
[new.vikababy.com/media/za_nai_malkite_s_mnogo_lubov.jpg]
[new.vikababy.com/media/grija_za_budeshti_mami.jpg]
[new.vikababy.com/media/chayove-za-otslabvane-detox-i-slimfit.jpg]
[new.vikababy.com/media/produkti-za-rodilki-kolani-sutieni-chayave-i-kozmetika-za-otslabvane.jpg]
[new.vikababy.com/media/detska_staya_polezni_produkti.jpg]
[new.vikababy.com/media/bebenosene_ergoranici_i_slingove.jpg]
[new.vikababy.com/media/namalenie_na_izbrani_produkti.jpg]
[new.vikababy.com/media/nalojen-platej-pregled-test.jpg]
[new.vikababy.com/media/vrushtane-i-zamyana.jpg]
[new.vikababy.com/media/bezplatna-dostavka-vikababy.jpg]
[new.vikababy.com/obschi-uslovija.html]
[new.vikababy.com/uslovija-za-vryshtane-i-zamiana.html]
[new.vikababy.com/index.html]
[new.vikababy.com/https.html]
[new.vikababy.com/static/version1628677971/frontend/Smartwave/porto/bg_BG/mage/calendar.css]
[new.vikababy.com/politika-za-poveritelnost.html]
[new.vikababy.com/static/version1628677971/frontend/Smartwave/porto/bg_BG/fonts/opensans/light/opensans-300.woff2]
[new.vikababy.com/static/version1628677971/frontend/Smartwave/porto/bg_BG/fonts/opensans/light/opensans-300.woff]
[new.vikababy.com/static/version1628677971/frontend/Smartwave/porto/bg_BG/fonts/opensans/regular/opensans-400.woff2]
[new.vikababy.com/static/version1628677971/frontend/Smartwave/porto/bg_BG/fonts/opensans/regular/opensans-400.woff]
[new.vikababy.com/static/version1628677971/frontend/Smartwave/porto/bg_BG/fonts/opensans/semibold/opensans-600.woff2]
[new.vikababy.com/static/version1628677971/frontend/Smartwave/porto/bg_BG/fonts/opensans/semibold/opensans-600.woff]
[new.vikababy.com/static/version1628677971/frontend/Smartwave/porto/bg_BG/fonts/opensans/bold/opensans-700.woff2]
[new.vikababy.com/static/version1628677971/frontend/Smartwave/porto/bg_BG/fonts/opensans/bold/opensans-700.woff]
[new.vikababy.com/static/version1628677971/frontend/Smartwave/porto/bg_BG/images/loader-2.gif]
[new.vikababy.com/static/version1628677971/frontend/Smartwave/porto/bg_BG/icon-fonts/font/porto-icons.woff2]
[new.vikababy.com/static/version1628677971/frontend/Smartwave/porto/bg_BG/icon-fonts/font/porto-icons.woff]
[new.vikababy.com/static/version1628677971/frontend/Smartwave/porto/bg_BG/Dotdigitalgroup_Sms/images/flags.png]
[new.vikababy.com/static/version1628677971/frontend/Smartwave/porto/bg_BG/Dotdigitalgroup_Sms/images/flags@2x.png]
[new.vikababy.com/static/version1628677971/frontend/Smartwave/porto/bg_BG/images/loader-1.gif]
[new.vikababy.com/static/version1628677971/frontend/Smartwave/porto/bg_BG/Magento_ProductVideo/img/gallery-sprite.png]
[new.vikababy.com/static/version1628677971/frontend/Smartwave/porto/bg_BG/images/rating-bar.png]
[new.vikababy.com/static/version1628677971/frontend/Smartwave/porto/bg_BG/images/slider-bar.png]
[new.vikababy.com/static/version1628677971/frontend/Smartwave/porto/bg_BG/images/bkg_4.png]
[new.vikababy.com/static/version1628677971/frontend/Smartwave/porto/bg_BG/images/history-thumb.png]
[new.vikababy.com/static/version1628677971/frontend/Smartwave/porto/bg_BG/images/newsletter_popup_bg.jpg]
[new.vikababy.com/static/version1628677971/frontend/Smartwave/porto/bg_BG/css/styles-m.css]
[new.vikababy.com/static/version1628677971/frontend/Smartwave/porto/bg_BG/owl.carousel/assets/owl.carousel.css]
[new.vikababy.com/static/version1628677971/frontend/Smartwave/porto/bg_BG/fancybox/css/images/fancybox_sprite.png]
[new.vikababy.com/static/version1628677971/frontend/Smartwave/porto/bg_BG/fancybox/css/images/fancybox_loading.gif]
[new.vikababy.com/static/version1628677971/frontend/Smartwave/porto/bg_BG/fancybox/css/images/blank.gif]
[new.vikababy.com/static/version1628677971/frontend/Smartwave/porto/bg_BG/fancybox/css/images/fancybox_overlay.png]
[new.vikababy.com/static/version1628677971/frontend/Smartwave/porto/bg_BG/fancybox/css/images/fancybox_sprite@2x.png]
[new.vikababy.com/static/version1628677971/frontend/Smartwave/porto/bg_BG/fancybox/css/jquery.fancybox.css]
[new.vikababy.com/static/version1628677971/frontend/Smartwave/porto/bg_BG/fancybox/css/images/fancybox_loading@2x.gif]
[new.vikababy.com/static/version1628677971/frontend/Smartwave/porto/bg_BG/icon-fonts/css/porto-icons-codes.css]
[new.vikababy.com/static/version1628677971/frontend/Smartwave/porto/bg_BG/icon-fonts/css/animation.css]
[new.vikababy.com/static/version1628677971/frontend/Smartwave/porto/bg_BG/font-awesome/fonts/fa-brands-400.eot]
[new.vikababy.com/static/version1628677971/frontend/Smartwave/porto/bg_BG/font-awesome/fonts/fa-brands-400d41d.eot]
[new.vikababy.com/static/version1628677971/frontend/Smartwave/porto/bg_BG/font-awesome/fonts/fa-brands-400.woff2]
[new.vikababy.com/static/version1628677971/frontend/Smartwave/porto/bg_BG/font-awesome/fonts/fa-brands-400.woff]
[new.vikababy.com/static/version1628677971/frontend/Smartwave/porto/bg_BG/font-awesome/fonts/fa-brands-400.ttf]
[new.vikababy.com/static/version1628677971/frontend/Smartwave/porto/bg_BG/font-awesome/fonts/fa-regular-400.eot]
[new.vikababy.com/static/version1628677971/frontend/Smartwave/porto/bg_BG/font-awesome/fonts/fa-regular-400d41d.eot]
[new.vikababy.com/static/version1628677971/frontend/Smartwave/porto/bg_BG/font-awesome/fonts/fa-regular-400.woff2]
[new.vikababy.com/static/version1628677971/frontend/Smartwave/porto/bg_BG/font-awesome/fonts/fa-regular-400.woff]
[new.vikababy.com/static/version1628677971/frontend/Smartwave/porto/bg_BG/font-awesome/fonts/fa-regular-400.ttf]
[new.vikababy.com/static/version1628677971/frontend/Smartwave/porto/bg_BG/font-awesome/fonts/fa-solid-900.eot]
[new.vikababy.com/static/version1628677971/frontend/Smartwave/porto/bg_BG/font-awesome/fonts/fa-solid-900d41d.eot]
[new.vikababy.com/static/version1628677971/frontend/Smartwave/porto/bg_BG/font-awesome/fonts/fa-solid-900.woff2]
[new.vikababy.com/static/version1628677971/frontend/Smartwave/porto/bg_BG/font-awesome/fonts/fa-solid-900.woff]
[new.vikababy.com/static/version1628677971/frontend/Smartwave/porto/bg_BG/font-awesome/fonts/fa-solid-900.ttf]
[new.vikababy.com/static/version1628677971/frontend/Smartwave/porto/bg_BG/font-awesome/css/font-awesome.min.css]
[new.vikababy.com/static/version1628677971/frontend/Smartwave/porto/bg_BG/Mageplaza_Core/css/owl.video.play.png]
[new.vikababy.com/static/version1628677971/frontend/Smartwave/porto/bg_BG/Mageplaza_Core/css/owl.carousel.css]
[new.vikababy.com/static/version1628677971/frontend/Smartwave/porto/bg_BG/Mageplaza_Core/css/owl.theme.css]
[new.vikababy.com/static/version1628677971/frontend/Smartwave/porto/bg_BG/Mageplaza_Core/css/fonts/fontawesome-webfont5b62.eot]
[new.vikababy.com/static/version1628677971/frontend/Smartwave/porto/bg_BG/Mageplaza_Core/css/fonts/fontawesome-webfontd41d.eot]
[new.vikababy.com/static/version1628677971/frontend/Smartwave/porto/bg_BG/Mageplaza_Core/css/fonts/fontawesome-webfont5b62.woff2]
[new.vikababy.com/static/version1628677971/frontend/Smartwave/porto/bg_BG/Mageplaza_Core/css/fonts/fontawesome-webfont5b62.woff]
[new.vikababy.com/static/version1628677971/frontend/Smartwave/porto/bg_BG/Mageplaza_Core/css/fonts/fontawesome-webfont5b62.ttf]
[new.vikababy.com/static/version1628677971/frontend/Smartwave/porto/bg_BG/Mageplaza_Core/css/font-awesome.min.css]
[new.vikababy.com/static/version1628677971/frontend/Smartwave/porto/bg_BG/Magento_Swatches/images/loader-2.gif]
[new.vikababy.com/static/version1628677971/frontend/Smartwave/porto/bg_BG/Magento_Swatches/css/swatches.css]
[new.vikababy.com/static/version1628677971/frontend/Smartwave/porto/bg_BG/Magezon_Core/fonts/Magento-Icons/Magento-Icons.eot]
[new.vikababy.com/static/version1628677971/frontend/Smartwave/porto/bg_BG/Magezon_Core/fonts/Magento-Icons/Magento-Iconsd41d.eot]
[new.vikababy.com/static/version1628677971/frontend/Smartwave/porto/bg_BG/Magezon_Core/fonts/Magento-Icons/Magento-Icons.woff2]
[new.vikababy.com/static/version1628677971/frontend/Smartwave/porto/bg_BG/Magezon_Core/fonts/Magento-Icons/Magento-Icons.woff]
[new.vikababy.com/static/version1628677971/frontend/Smartwave/porto/bg_BG/Magezon_Core/fonts/Magento-Icons/Magento-Icons.ttf]
[new.vikababy.com/static/version1628677971/frontend/Smartwave/porto/bg_BG/Magezon_Core/css/styles.css]
[new.vikababy.com/static/version1628677971/frontend/Smartwave/porto/bg_BG/Magezon_Core/css/owlcarousel/owl.video.play.png]
[new.vikababy.com/static/version1628677971/frontend/Smartwave/porto/bg_BG/Magezon_Core/css/owlcarousel/owl.carousel.min.css]
[new.vikababy.com/static/version1628677971/frontend/Smartwave/porto/bg_BG/Magezon_Core/css/animate.css]
[new.vikababy.com/static/version1628677971/frontend/Smartwave/porto/bg_BG/Magezon_Core/webfonts/fa-solid-900.eot]
[new.vikababy.com/static/version1628677971/frontend/Smartwave/porto/bg_BG/Magezon_Core/webfonts/fa-solid-900d41d.eot]
[new.vikababy.com/static/version1628677971/frontend/Smartwave/porto/bg_BG/Magezon_Core/webfonts/fa-solid-900.woff2]
[new.vikababy.com/static/version1628677971/frontend/Smartwave/porto/bg_BG/Magezon_Core/webfonts/fa-solid-900.woff]
[new.vikababy.com/static/version1628677971/frontend/Smartwave/porto/bg_BG/Magezon_Core/webfonts/fa-solid-900.ttf]
[new.vikababy.com/static/version1628677971/frontend/Smartwave/porto/bg_BG/Magezon_Core/webfonts/fa-regular-400.eot]
[new.vikababy.com/static/version1628677971/frontend/Smartwave/porto/bg_BG/Magezon_Core/webfonts/fa-regular-400d41d.eot]
[new.vikababy.com/static/version1628677971/frontend/Smartwave/porto/bg_BG/Magezon_Core/webfonts/fa-regular-400.woff2]
[new.vikababy.com/static/version1628677971/frontend/Smartwave/porto/bg_BG/Magezon_Core/webfonts/fa-regular-400.woff]
[new.vikababy.com/static/version1628677971/frontend/Smartwave/porto/bg_BG/Magezon_Core/webfonts/fa-regular-400.ttf]
[new.vikababy.com/static/version1628677971/frontend/Smartwave/porto/bg_BG/Magezon_Core/webfonts/fa-brands-400.eot]
[new.vikababy.com/static/version1628677971/frontend/Smartwave/porto/bg_BG/Magezon_Core/webfonts/fa-brands-400d41d.eot]
[new.vikababy.com/static/version1628677971/frontend/Smartwave/porto/bg_BG/Magezon_Core/webfonts/fa-brands-400.woff2]
[new.vikababy.com/static/version1628677971/frontend/Smartwave/porto/bg_BG/Magezon_Core/webfonts/fa-brands-400.woff]
[new.vikababy.com/static/version1628677971/frontend/Smartwave/porto/bg_BG/Magezon_Core/webfonts/fa-brands-400.ttf]
[new.vikababy.com/static/version1628677971/frontend/Smartwave/porto/bg_BG/Magezon_Core/css/fontawesome5.css]
[new.vikababy.com/static/version1628677971/frontend/Smartwave/porto/bg_BG/Magezon_Core/fonts/mgz_iconsbbc6.eot]
[new.vikababy.com/static/version1628677971/frontend/Smartwave/porto/bg_BG/Magezon_Core/fonts/mgz_iconsbbc6.ttf]
[new.vikababy.com/static/version1628677971/frontend/Smartwave/porto/bg_BG/Magezon_Core/fonts/mgz_iconsbbc6.woff]
[new.vikababy.com/static/version1628677971/frontend/Smartwave/porto/bg_BG/Magezon_Core/css/mgz_font.css]
[new.vikababy.com/static/version1628677971/frontend/Smartwave/porto/bg_BG/Magezon_Core/css/mgz_bootstrap.css]
[new.vikababy.com/static/version1628677971/frontend/Smartwave/porto/bg_BG/Magezon_Builder/fonts/mgz_openiconic4906.woff]
[new.vikababy.com/static/version1628677971/frontend/Smartwave/porto/bg_BG/Magezon_Builder/fonts/mgz_openiconic4906.ttf]
[new.vikababy.com/static/version1628677971/frontend/Smartwave/porto/bg_BG/Magezon_Builder/css/openiconic.min.css]
[new.vikababy.com/static/version1628677971/frontend/Smartwave/porto/bg_BG/Magezon_Builder/css/styles.css]
[new.vikababy.com/static/version1628677971/frontend/Smartwave/porto/bg_BG/Magezon_Builder/css/common.css]
[new.vikababy.com/static/version1628677971/frontend/Smartwave/porto/bg_BG/Magezon_Newsletter/css/styles.css]
[new.vikababy.com/static/version1628677971/frontend/Smartwave/porto/bg_BG/Magezon_Core/css/magnific.css]
[new.vikababy.com/static/version1628677971/frontend/Smartwave/porto/bg_BG/Magezon_PageBuilder/css/fotorama.png]
[new.vikababy.com/static/version1628677971/frontend/Smartwave/porto/bg_BG/Magezon_PageBuilder/css/fotorama@2x.png]
[new.vikababy.com/static/version1628677971/frontend/Smartwave/porto/bg_BG/Magezon_PageBuilder/css/styles.css]
[new.vikababy.com/static/version1628677971/frontend/Smartwave/porto/bg_BG/Magezon_PageBuilder/vendor/photoswipe/photoswipe.css]
[new.vikababy.com/static/version1628677971/frontend/Smartwave/porto/bg_BG/Magezon_PageBuilder/vendor/photoswipe/default-skin/default-skin.png]
[new.vikababy.com/static/version1628677971/frontend/Smartwave/porto/bg_BG/Magezon_PageBuilder/vendor/photoswipe/default-skin/preloader.gif]
[new.vikababy.com/static/version1628677971/frontend/Smartwave/porto/bg_BG/Magezon_PageBuilder/vendor/photoswipe/default-skin/default-skin.css]
[new.vikababy.com/static/version1628677971/frontend/Smartwave/porto/bg_BG/Magezon_PageBuilder/vendor/blueimp/img/loading.gif]
[new.vikababy.com/static/version1628677971/frontend/Smartwave/porto/bg_BG/Magezon_PageBuilder/vendor/blueimp/img/error.png]
[new.vikababy.com/static/version1628677971/frontend/Smartwave/porto/bg_BG/Magezon_PageBuilder/vendor/blueimp/img/play-pause.png]
[new.vikababy.com/static/version1628677971/frontend/Smartwave/porto/bg_BG/Magezon_PageBuilder/vendor/blueimp/img/video-play.png]
[new.vikababy.com/static/version1628677971/frontend/Smartwave/porto/bg_BG/Magezon_PageBuilder/vendor/blueimp/css/blueimp-gallery.min.css]
[new.vikababy.com/static/version1628677971/frontend/Smartwave/porto/bg_BG/Magezon_PageBuilderIconBox/css/styles.css]
[new.vikababy.com/static/version1628677971/frontend/Smartwave/porto/bg_BG/Smartwave_Dailydeals/css/style.css]
[new.vikababy.com/static/version1628677971/frontend/Smartwave/porto/bg_BG/Mageplaza_SocialLogin/css/images/ajax-loader.gif]
[new.vikababy.com/static/version1628677971/frontend/Smartwave/porto/bg_BG/Mageplaza_SocialLogin/css/images/login-title.png]
[new.vikababy.com/static/version1628677971/frontend/Smartwave/porto/bg_BG/Mageplaza_SocialLogin/css/images/create-account-title.png]
[new.vikababy.com/static/version1628677971/frontend/Smartwave/porto/bg_BG/Mageplaza_SocialLogin/css/images/forgot-pass-title.png]
[new.vikababy.com/static/version1628677971/frontend/Smartwave/porto/bg_BG/Mageplaza_SocialLogin/css/style.css]
[new.vikababy.com/static/version1628677971/frontend/Smartwave/porto/bg_BG/Mageplaza_Core/css/grid-mageplaza.css]
[new.vikababy.com/static/version1628677971/frontend/Smartwave/porto/bg_BG/Mageplaza_Core/css/magnific-popup.css]
[new.vikababy.com/static/version1628677971/frontend/Smartwave/porto/bg_BG/css/styles-l.css]
[new.vikababy.com/static/version1628677971/frontend/Smartwave/porto/bg_BG/css/print.css]
[new.vikababy.com/media/porto/web/bootstrap/css/bootstrap.optimized.min.css]
[new.vikababy.com/media/porto/web/css/animate.optimized.css]
[new.vikababy.com/media/porto/web/css/header/type5.css]
[new.vikababy.com/media/porto/web/images/bkg_4.png]
[new.vikababy.com/media/porto/web/images/slider-bar.png]
[new.vikababy.com/media/porto/web/images/boxed_bg.png]
[new.vikababy.com/media/porto/web/icon-fonts/font/porto8110.eot]
[new.vikababy.com/media/porto/web/icon-fonts/font/porto8110.woff2]
[new.vikababy.com/media/porto/web/icon-fonts/font/porto8110.woff]
[new.vikababy.com/media/porto/web/icon-fonts/font/porto8110.ttf]
[new.vikababy.com/media/porto/web/css/custom.css]
[new.vikababy.com/media/porto/configed_css/design_default.css]
[new.vikababy.com/media/porto/configed_css/settings_default.css]
[new.vikababy.com/politika-za-poveritelnost/index.html]
[new.vikababy.com/gdpr/index.html]
[new.vikababy.com/media/captcha/base/fcd7cd1c81f83b2e5814b132630415bc.png]
[new.vikababy.com/contact.html]
[new.vikababy.com/customer/account/login/referer/aHR0cHM6Ly9uZXcudmlrYWJhYnkuY29tL2NvbnRhY3Q,/index.html]
[new.vikababy.com/customer/account/login/referer/aHR0cHM6Ly9uZXcudmlrYWJhYnkuY29tLw,,/https.html]
[new.vikababy.com/media/captcha/base/2044a64ce689949fddd4f071fd16ceec.png]
[new.vikababy.com/customer/account/login/referer/aHR0cHM6Ly9uZXcudmlrYWJhYnkuY29tLw,,/index.html]
[new.vikababy.com/customer/account/create/https.html]
[new.vikababy.com/customer/account/forgotpassword/index.html]
[new.vikababy.com/media/captcha/base/52f390e72b828d3a0803d20778784dac.png]
[new.vikababy.com/customer/account/create/index.html]
[new.vikababy.com/customer/account/login/referer/aHR0cHM6Ly9uZXcudmlrYWJhYnkuY29tL2N1c3RvbWVyL2FjY291bnQvY3JlYXRlLw,,/index.html]
[new.vikababy.com/customer/account/login/referer/aHR0cHM6Ly9uZXcudmlrYWJhYnkuY29tL2NoZWNrb3V0L2NhcnQvaW5kZXgv/index.html]
[new.vikababy.com/stjagasch-kolan-za-sled-razhdane.html]
[new.vikababy.com/media/catalog/product/cache/76382acef6c9372865028e5471d7fd0d/v/i/vika-styagasht-kolan-za-sled-estestveno-rajdane-ili-sekcio.jpg]
[new.vikababy.com/sutien-za-bremenni-i-karmene.html]
[new.vikababy.com/media/catalog/product/cache/76382acef6c9372865028e5471d7fd0d/v/i/vikababy_sutien_za_bremenni_i_kurmene.jpg]
[new.vikababy.com/checkout/cart/index.html]
[new.vikababy.com/media/captcha/base/f66d17231f33bc00c58aa9e01967eb1b.png]
[new.vikababy.com/media/captcha/base/c88bf588e6e686b04d50b1d3d61d2fd2.png]
[new.vikababy.com/catalogsearch/advanced/index.html]
[new.vikababy.com/media/catalog/product/index.html]
[new.vikababy.com/media/captcha/base/015ff7bc10d2bbdf15e414318cfe6801.png]
[new.vikababy.com/customer/account/login/referer/aHR0cHM6Ly9uZXcudmlrYWJhYnkuY29tL2NhdGFsb2dzZWFyY2gvYWR2YW5jZWQvaW5kZXgv/index.html]
[new.vikababy.com/customer/account/login/referer/aHR0cHM6Ly9uZXcudmlrYWJhYnkuY29tL3JvZGlsa2kuaHRtbA,,/index.html]
[new.vikababy.com/bjustie-za-lesno-izcezhdane.html]
[new.vikababy.com/vazglavnica-za-karmene.html]
[new.vikababy.com/ergonomichna-ranica.html]
[new.vikababy.com/rodilki.html]
[new.vikababy.com/ranica-za-kolichka.html]
[new.vikababy.com/media/captcha/base/04ef75166cc95d5d9ad4223e9b9b08e3.png]
[new.vikababy.com/customer/account/login/referer/aHR0cHM6Ly9uZXcudmlrYWJhYnkuY29tL2JyZW1lbm5pLmh0bWw,/index.html]
[new.vikababy.com/podd-rzhasch-kolan-za-bremenni-vika-baby.html]
[new.vikababy.com/bremenni.html]
[new.vikababy.com/ezhednevni-bikini-za-bremenni.html]
[new.vikababy.com/media/captcha/base/c6af2c746cdb4c751f7d5d90a9988a63.png]
[new.vikababy.com/customer/account/login/referer/aHR0cHM6Ly9uZXcudmlrYWJhYnkuY29tL3phLWJlYmV0by5odG1s/index.html]
[new.vikababy.com/organajzer-za-koshara-ili-leglo.html]
[new.vikababy.com/prenosim-organajzer.html]
[new.vikababy.com/grivni-dr-nkalki-i-chorapki.html]
[new.vikababy.com/za-bebeto.html]
[new.vikababy.com/rukavichki-chesalki-za-grizane.html]
[new.vikababy.com/customer/account/login/referer/aHR0cHM6Ly9uZXcudmlrYWJhYnkuY29tL2JlYmVub3NlbmUuaHRtbA,,/index.html]
[new.vikababy.com/media/captcha/base/490e039608e6011e74bca82783f3c1e9.png]
[new.vikababy.com/bebenosene.html]
[new.vikababy.com/media/captcha/base/e5ef27bbfba64d93464d5555ac8467f1.png]
[new.vikababy.com/za-detskata-staja.html]
[new.vikababy.com/static/version1628677971/frontend/Smartwave/porto/bg_BG/mage/gallery/gallery.css]
[new.vikababy.com/customer/account/login/referer/aHR0cHM6Ly9uZXcudmlrYWJhYnkuY29tL3phLWRldHNrYXRhLXN0YWphLmh0bWw,/index.html]
[new.vikababy.com/static/version1628677971/frontend/Smartwave/porto/bg_BG/Smartwave_Dailydeals/css/custom_dailydeal_list_page.css]
[new.vikababy.com/media/catalog/product/cache/d2f1bdd8528c70a53d0984faa6008c9d/t/e/teniska-za-bremenni-ili-karmachki-s-kas-rakav.jpg]
[new.vikababy.com/media/catalog/product/cache/a26db6135367b88b7f7c99797dedfeee/t/e/teniska-za-bremenni-ili-karmachki-s-kas-rakav.jpg]
[new.vikababy.com/media/catalog/product/cache/a26db6135367b88b7f7c99797dedfeee/t/e/teniska-za-bremenni-zheni-s-kas-rakav-ednocvetna.jpg]
[new.vikababy.com/customer/account/login/referer/aHR0cHM6Ly9uZXcudmlrYWJhYnkuY29tL3Rlbmlza2EtemEtYnJlbWVubmktaWxpLWthcm1hY2hraS1zLWthcy1yYWthdi5odG1s/index.html]
[new.vikababy.com/media/catalog/product/cache/a26db6135367b88b7f7c99797dedfeee/b/l/bluza-za-karmene-s-dal-g-rakav.jpg]
[new.vikababy.com/media/free-delivery-1.png]
[new.vikababy.com/media/previte-1.png]
[new.vikababy.com/media/cash-on-delivery-1.png]
[new.vikababy.com/media/returns-1.png]
[new.vikababy.com/media/quality-1.png]
[new.vikababy.com/media/captcha/base/23ea9537d64b3aecc4113d75c0de1148.png]
[new.vikababy.com/teniska-za-bremenni-ili-karmachki-s-kas-rakav.html]
[new.vikababy.com/media/catalog/product/cache/d2f1bdd8528c70a53d0984faa6008c9d/t/e/teniska-za-bremenni-zheni-s-kas-rakav-ednocvetna.jpg]
[new.vikababy.com/teniska-za-bremenni-zheni-s-kas-rakav-ednocvetna.html]
[new.vikababy.com/media/captcha/base/97463bc6fe48752880417f286abfb1b7.png]
[new.vikababy.com/customer/account/login/referer/aHR0cHM6Ly9uZXcudmlrYWJhYnkuY29tL3Rlbmlza2EtemEtYnJlbWVubmktemhlbmktcy1rYXMtcmFrYXYtZWRub2N2ZXRuYS5odG1s/index.html]
[new.vikababy.com/media/catalog/product/cache/d2f1bdd8528c70a53d0984faa6008c9d/b/l/bluza-za-karmene-s-dal-g-rakav.jpg]
[new.vikababy.com/customer/account/login/referer/aHR0cHM6Ly9uZXcudmlrYWJhYnkuY29tL2JsdXphLXphLWthcm1lbmUtcy1kYWwtZy1yYWthdi5odG1s/index.html]
[new.vikababy.com/media/captcha/base/d8a13b59e9a52d96b6ec105b46d7aa68.png]
[new.vikababy.com/bluza-za-karmene-s-dal-g-rakav.html]
[new.vikababy.com/media/catalog/product/cache/d2f1bdd8528c70a53d0984faa6008c9d/t/e/teniska-za-bremenni-s-kas-rakav-i-zabavna-schampa-4.jpg]
[new.vikababy.com/media/captcha/base/654d3b63d668c8a8e1357cc36cb74e1f.png]
[new.vikababy.com/teniska-za-bremenni-s-kas-rakav-i-zabavna-schampa.html]
[new.vikababy.com/customer/account/login/referer/aHR0cHM6Ly9uZXcudmlrYWJhYnkuY29tL3Rlbmlza2EtemEtYnJlbWVubmktcy1rYXMtcmFrYXYtaS16YWJhdm5hLXNjaGFtcGEuaHRtbA,,/index.html]
[new.vikababy.com/media/catalog/product/cache/d2f1bdd8528c70a53d0984faa6008c9d/h/b/hb7493888fa5645129d7494c8dff592e9n.jpg]
[new.vikababy.com/customer/account/login/referer/aHR0cHM6Ly9uZXcudmlrYWJhYnkuY29tL2xqYXRuYS1yb2tsamEtemEtYnJlbWVubmktaS1rYXJtYWNoa2ktcy1rYXMtcmFrYXYuaHRtbA,,/index.html]
[new.vikababy.com/media/captcha/base/4a59b3a52f8fde8330999ccb768b9acf.png]
[new.vikababy.com/ljatna-roklja-za-bremenni-i-karmachki-s-kas-rakav.html]
[new.vikababy.com/media/catalog/product/cache/d2f1bdd8528c70a53d0984faa6008c9d/t/e/teniski-za-bremenni-jeni-zabavni-shtampi-nadpisi-bebe-momiche-new.jpg.jpg]
[new.vikababy.com/media/captcha/base/145fcd9f192b9055bc2c575175c6c948.png]
[new.vikababy.com/teniski-za-bremenni-zabavni-nadpisi-i-schampa.html]
[new.vikababy.com/customer/account/login/referer/aHR0cHM6Ly9uZXcudmlrYWJhYnkuY29tL3Rlbmlza2ktemEtYnJlbWVubmktemFiYXZuaS1uYWRwaXNpLWktc2NoYW1wYS5odG1s/index.html]
[new.vikababy.com/media/catalog/Products/Ranica_kolichka/bebeshka-ranica-chanta-za-kolichka-tip-sgywaema-koshara-detaili.jpg]
[new.vikababy.com/media/catalog/product/cache/d2f1bdd8528c70a53d0984faa6008c9d/b/e/bebeshka-ranica-chanta-za-kolichka-tip-sgywaema-koshara-sinio_1_2.jpg]
[new.vikababy.com/media/catalog/Products/Ranica_kolichka/ranica-razguvaema-koshara-za-bebeshki-prinadlejnosti-mnogofunkciomalna-predimstva-1.jpg]
[new.vikababy.com/media/catalog/Products/Ranica_kolichka/ranica-razguvaema-koshara-za-bebeshki-prinadlejnosti-mnogofunkciomalna-predimstva-8.jpg]
[new.vikababy.com/customer/account/login/referer/aHR0cHM6Ly9uZXcudmlrYWJhYnkuY29tL3VuaXZlcnNhbG5/index.html]
[new.vikababy.com/media/catalog/Products/Ranica_kolichka/ranica-razguvaema-koshara-za-bebeshki-prinadlejnosti-mnogofunkciomalna-predimstva-3.jpg]
[new.vikababy.com/media/catalog/Products/Ranica_kolichka/ranica-razguvaema-koshara-za-bebeshki-prinadlejnosti-mnogofunkciomalna-predimstva-4.jpg]
[new.vikababy.com/media/catalog/Products/Ranica_kolichka/ranica-razguvaema-koshara-za-bebeshki-prinadlejnosti-mnogofunkciomalna-predimstva-7.jpg]
[new.vikababy.com/media/catalog/Products/Ranica_kolichka/ranica-razguvaema-koshara-za-bebeshki-prinadlejnosti-mnogofunkciomalna-predimstva-6.jpg]
[new.vikababy.com/media/catalog/Products/Ranica_kolichka/ranica-razguvaema-koshara-za-bebeshki-prinadlejnosti-mnogofunkciomalna-predimstva-5.jpg]
[new.vikababy.com/media/catalog/Products/Ranica_kolichka/ranica-razguvaema-koshara-za-bebeshki-prinadlejnosti-mnogofunkciomalna-predimstva-2.jpg]
[new.vikababy.com/media/catalog/Products/Ranica_kolichka/universalna-bebeshka-ranica-chanta-za-kolichka-tip-sgywaema-koshara-detaili.jpg]
[new.vikababy.com/media/catalog/Products/Ranica_kolichka/bebeshka-ranica-chanta-za-kolichka-tip-sgywaema-koshara-upotreba.jpg]
[new.vikababy.com/media/catalog/Products/Ranica_kolichka/bebeshka-ranica-chanta-za-kolichka-tip-sgywaema-koshara-1.jpg]
[new.vikababy.com/media/catalog/Products/Ranica_kolichka/bebeshka-ranica-chanta-za-kolichka-tip-sgywaema-koshara-6.jpg]
[new.vikababy.com/media/catalog/Products/Ranica_kolichka/bebeshka-ranica-chanta-za-kolichka-tip-sgywaema-koshara-4.jpg]
[new.vikababy.com/media/catalog/Products/Ranica_kolichka/bebeshka-ranica-chanta-za-kolichka-tip-sgywaema-koshara-3.jpg]
[new.vikababy.com/media/catalog/Products/Ranica_kolichka/bebeshka-ranica-chanta-za-kolichka-tip-sgywaema-koshara-2.jpg]
[new.vikababy.com/media/catalog/Products/Ranica_kolichka/bebeshka-ranica-chanta-za-kolichka-tip-sgywaema-koshara-5.jpg]
[new.vikababy.com/media/catalog/Products/Ranica_kolichka/ranica-razguvaema-koshara-za-bebeshki-prinadlejnosti-mnogofunkciomalna-mnenia-otzivi-1.jpg]
[new.vikababy.com/media/catalog/Products/Ranica_kolichka/ranica-razguvaema-koshara-za-bebeshki-prinadlejnosti-mnogofunkciomalna-mnenia-otzivi-3.jpg]
[new.vikababy.com/media/catalog/Products/Ranica_kolichka/ranica-razguvaema-koshara-za-bebeshki-prinadlejnosti-mnogofunkciomalna-mnenia-otzivi-2.jpg]
[new.vikababy.com/media/catalog/product/cache/a26db6135367b88b7f7c99797dedfeee/e/j/ejednevni-bikini-za-bremenni-3.jpg]
[new.vikababy.com/media/captcha/base/140237d5777804e52f6b4c4127b0df78.png]
[new.vikababy.com/universalna-razg-vaema-ranica-za-kolichka-s-funkcija-koshara-i-podlozhka-za-smjana.html]
[new.vikababy.com/media/catalog/Products/Plikche/organaizer-neseser-chantichka-za-pampersi-predimstva-cena.jpg]
[new.vikababy.com/media/catalog/product/cache/d2f1bdd8528c70a53d0984faa6008c9d/o/r/organaizer-neseser-chantichka-za-pampersi-glavna.jpg]
[new.vikababy.com/media/catalog/Products/Plikche/organaizer-neseser-chantichka-za-pampersi-predimstva-v4.jpg]
[new.vikababy.com/media/catalog/Products/Plikche/organaizer-neseser-chantichka-za-pampersi-predimstva-v1.jpg]
[new.vikababy.com/media/catalog/Products/Plikche/organaizer-neseser-chantichka-za-pampersi-predimstva-v2.jpg]
[new.vikababy.com/media/catalog/Products/Plikche/organaizer-neseser-chantichka-za-pampersi-predimstva-v3.jpg]
[new.vikababy.com/customer/account/login/referer/aHR0cHM6Ly9uZXcudmlrYWJhYnkuY29tL2NoYW50aWNoa2Etb3JnYW5haXplci16YS1wYW1wZXJzaS1pLWJlYmVzaGtpLWFrc2Vzb2FyaS5odG1s/index.html]
[new.vikababy.com/media/catalog/Products/Plikche/organaizer-neseser-chantichka-za-pampersi-peleni-bebeshki-aksesoari.jpg]
[new.vikababy.com/media/catalog/Products/Plikche/organaizer-neseser-chantichka-za-pampersi-predimstva-prilojenie.jpg]
[new.vikababy.com/media/catalog/Products/Plikche/organaizer-neseser-chantichka-za-pampersi-predimstva-mnenia-2.jpg]
[content.app-sources.com/s/24444282803329/uploads/A1/stars-5654717.png]
[new.vikababy.com/media/catalog/Products/Plikche/organaizer-neseser-chantichka-za-pampersi-predimstva-mnenia-3.jpg]
[new.vikababy.com/media/catalog/Products/Plikche/organaizer-neseser-chantichka-za-pampersi-predimstva-mnenia-1.jpg]
[new.vikababy.com/media/catalog/product/cache/a26db6135367b88b7f7c99797dedfeee/p/r/prenosim-organaizer-za-bebeshki-prinadlejnosti-aksesoari-igrachki-5.jpg]
[new.vikababy.com/media/catalog/product/cache/a26db6135367b88b7f7c99797dedfeee/e/r/ergonomichna-ranica-za-bebe-vikababy-glavna.jpg]
[new.vikababy.com/media/captcha/base/278fbbbbcc9ad1f3b091fa8bad9fce34.png]
[new.vikababy.com/chantichka-organaizer-za-pampersi-i-bebeshki-aksesoari.html]
[new.vikababy.com/media/captcha/base/96db80671c6cd7de68399aa9b76f9fe9.png]
[new.vikababy.com/obschi-uslovija.html]
[new.vikababy.com/media/captcha/base/9f9c4b1fa7f973ba6016d611a0c52c4a.png]
[new.vikababy.com/uslovija-za-vryshtane-i-zamiana.html]
[new.vikababy.com/customer/account/login/referer/aHR0cHM6Ly9uZXcudmlrYWJhYnkuY29tL29ic2NoaS11c2xvdmlqYQ,,/index.html]
[new.vikababy.com/media/captcha/base/c3f2b9b7858fe163d9f0bed0b2d6f058.png]
[new.vikababy.com/politika-za-poveritelnost.html]
[new.vikababy.com/static/version1628677971/frontend/Smartwave/porto/bg_BG/images/select-bg.svg]
[new.vikababy.com/static/version1628677971/frontend/Smartwave/porto/bg_BG/Magento_LoginAsCustomerFrontendUi/images/close.svg]
[new.vikababy.com/static/version1628677971/frontend/Smartwave/porto/bg_BG/owl.carousel/assets/owl.video.play.html]
[new.vikababy.com/static/version1628677971/frontend/Smartwave/porto/bg_BG/font-awesome/fonts/fa-brands-400.svg]
[new.vikababy.com/static/version1628677971/frontend/Smartwave/porto/bg_BG/font-awesome/fonts/fa-regular-400.svg]
[new.vikababy.com/static/version1628677971/frontend/Smartwave/porto/bg_BG/font-awesome/fonts/fa-solid-900.svg]
[new.vikababy.com/static/version1628677971/frontend/Smartwave/porto/bg_BG/Mageplaza_Core/css/fonts/fontawesome-webfont5b62.svg]
[new.vikababy.com/static/version1628677971/frontend/Smartwave/porto/bg_BG/Magezon_Core/fonts/Magento-Icons/Magento-Icons.svg]
[new.vikababy.com/static/version1628677971/frontend/Smartwave/porto/bg_BG/Magezon_Core/webfonts/fa-solid-900.svg]
[new.vikababy.com/static/version1628677971/frontend/Smartwave/porto/bg_BG/Magezon_Core/webfonts/fa-regular-400.svg]
[new.vikababy.com/static/version1628677971/frontend/Smartwave/porto/bg_BG/Magezon_Core/webfonts/fa-brands-400.svg]
[new.vikababy.com/static/version1628677971/frontend/Smartwave/porto/bg_BG/Magezon_Core/css/fonts/mgz_iconsbbc6.html]
[new.vikababy.com/static/version1628677971/frontend/Smartwave/porto/bg_BG/Magezon_Core/fonts/mgz_iconsbbc6.svg]
[new.vikababy.com/static/version1628677971/frontend/Smartwave/porto/bg_BG/Magezon_Builder/fonts/mgz_openiconic4906.html]
[new.vikababy.com/static/version1628677971/frontend/Smartwave/porto/bg_BG/Magezon_Builder/fonts/mgz_openiconic4906.svg]
[new.vikababy.com/static/version1628677971/frontend/Smartwave/porto/bg_BG/Magezon_Builder/images/loader.html]
[new.vikababy.com/static/version1628677971/frontend/Smartwave/porto/bg_BG/Magezon_Builder/images/icons/element-icon-single-image.svg]
[new.vikababy.com/static/version1628677971/frontend/Smartwave/porto/bg_BG/Magezon_PageBuilder/vendor/photoswipe/default-skin/default-skin.svg]
[new.vikababy.com/static/version1628677971/frontend/Smartwave/porto/bg_BG/Magezon_PageBuilder/vendor/blueimp/img/error.svg]
[new.vikababy.com/static/version1628677971/frontend/Smartwave/porto/bg_BG/Magezon_PageBuilder/vendor/blueimp/img/play-pause.svg]
[new.vikababy.com/static/version1628677971/frontend/Smartwave/porto/bg_BG/Magezon_PageBuilder/vendor/blueimp/img/video-play.svg]
[new.vikababy.com/media/porto/web/icon-fonts/font/porto8110.svg]
[new.vikababy.com/media/porto/web/images/curved-border.svg]
[new.vikababy.com/customer/account/login/referer/aHR0cHM6Ly9uZXcudmlrYWJhYnkuY29tL3VzbG92aWphLXphLXZyeXNodGFuZS1pLXphbWlhbmE,/index.html]
[new.vikababy.com/customer/account/login/referer/aHR0cHM6Ly9uZXcudmlrYWJhYnkuY29tL3BvbGl0aWthLXphLXBvdmVyaXRlbG5vc3Q,/index.html]
[new.vikababy.com/customer/account/login/referer/aHR0cHM6Ly9uZXcudmlrYWJhYnkuY29tL2NvbnRhY3Q,/https.html]
[new.vikababy.com/media/captcha/base/e2c1524de752a01f58b1635e34e3db4c.png]
[new.vikababy.com/customer/account/login/referer/aHR0cHM6Ly9uZXcudmlrYWJhYnkuY29tL2NvbnRhY3Q,/index.html]
[new.vikababy.com/media/captcha/base/eaa7f191d10495f4a08bee5d1bd6e5af.png]
[new.vikababy.com/customer/account/login/referer/aHR0cHM6Ly9uZXcudmlrYWJhYnkuY29tLw,,/https.html]
[new.vikababy.com/customer/account/forgotpassword/https.html]
[new.vikababy.com/media/captcha/base/43a312614ee078595be7fef537642e15.png]
[new.vikababy.com/customer/account/login/referer/aHR0cHM6Ly9uZXcudmlrYWJhYnkuY29tL2N1c3RvbWVyL2FjY291bnQvZm9yZ290cGFzc3dvcmQv/index.html]
[new.vikababy.com/media/captcha/base/331968d3811a8da26afc82a38ddfb6e9.png]
[new.vikababy.com/customer/account/forgotpassword/index.html]
[new.vikababy.com/media/captcha/base/c954a38353b9eb3cf7620308e5171560.png]
[new.vikababy.com/customer/account/create/https.html]
[new.vikababy.com/customer/account/login/referer/aHR0cHM6Ly9uZXcudmlrYWJhYnkuY29tL2N1c3RvbWVyL2FjY291bnQvY3JlYXRlLw,,/https.html]
[new.vikababy.com/media/captcha/base/1a80ec6ee2ca95c0b0fa457af568487d.png]
[new.vikababy.com/customer/account/login/referer/aHR0cHM6Ly9uZXcudmlrYWJhYnkuY29tL2N1c3RvbWVyL2FjY291bnQvY3JlYXRlLw,,/index.html]
[new.vikababy.com/checkout/cart/https.html]
[new.vikababy.com/customer/account/login/referer/aHR0cHM6Ly9uZXcudmlrYWJhYnkuY29tL2NoZWNrb3V0L2NhcnQvaW5kZXgv/https.html]
[new.vikababy.com/media/captcha/base/2f6994cb6f336d1b8d5cd17946f8fda1.png]
[new.vikababy.com/customer/account/login/referer/aHR0cHM6Ly9uZXcudmlrYWJhYnkuY29tL2NoZWNrb3V0L2NhcnQvaW5kZXgv/index.html]
[new.vikababy.com/media/kolan-za-sled-rajdane-banner.jpg]
[new.vikababy.com/media/catalog/product/cache/d2f1bdd8528c70a53d0984faa6008c9d/v/i/vika-styagasht-kolan-za-sled-estestveno-rajdane-ili-sekcio.jpg]
[new.vikababy.com/media/vuzstanovyavane-poddurjasht-styagasht-kolan-za-sled-rajdane-vikababy.jpg]
[new.vikababy.com/media/dishasht-poddurjasht-styagasht-kolan-za-sled-rajdane-vikababy.jpg]
[new.vikababy.com/media/elastichen-styagasht-kolan-za-sled-rajdane-vikababy.jpg]
[new.vikababy.com/customer/account/login/referer/aHR0cHM6Ly9uZXcudmlrYWJhYnkuY29tL3N0amFnYXNjaC1rb2xhbi16YS1zbGVkLXJhemhkYW5lLmh0bWw,/index.html]
[new.vikababy.com/media/korigirasht-styagasht-kolan-za-sled-rajdane-vikababy.jpg]
[new.vikababy.com/media/kolan-vikababy-za-sled-rajdane.jpg]
[new.vikababy.com/media/_________-benefotspng.png]
[new.vikababy.com/media/vika_styagasht_koan.jpg]
[new.vikababy.com/media/kolan_sled_sekcio.jpg]
[new.vikababy.com/media/kolan_za_styagane.jpg]
[new.vikababy.com/media/kolan_za_sled_sekcio_vikababy.jpg]
[new.vikababy.com/media/kolan-za-sled-rajdane-i-sekcio-za-stiagane2-.jpg]
[new.vikababy.com/media/kolan-za-sled-rajdane-i-sekcio-za-stiagane.jpg]
[new.vikababy.com/media/kolan-za-sled-rajdane-i-sekcio-za-stiagane1-.jpg]
[new.vikababy.com/media/_2.png]
[new.vikababy.com/media/_1.png]
[new.vikababy.com/stjagasch-kolan-za-sled-razhdane.html]
[new.vikababy.com/media/captcha/base/48e8e8a0796fab5ec1ffc14e8a7283d8.png]
[new.vikababy.com/media/catalog/Products/SutienKurmene/sutien-za-kurmene-parallax.jpg]
[new.vikababy.com/media/catalog/product/cache/d2f1bdd8528c70a53d0984faa6008c9d/v/i/vikababy_sutien_za_bremenni_i_kurmene.jpg]
[new.vikababy.com/customer/account/login/referer/aHR0cHM6Ly9uZXcudmlrYWJhYnkuY29tL3N1dGllbi16YS1icmVtZW5uaS1pLWthcm1lbmUuaHRtbA,,/index.html]
[new.vikababy.com/media/catalog/Products/SutienKurmene/Zashto_sutien_VIKABABY_za_kurmene/sutien_za_kurmene_1.jpg]
[new.vikababy.com/media/catalog/Products/SutienKurmene/Zashto_sutien_VIKABABY_za_kurmene/sutien_za_kurmene_2.jpg]
[new.vikababy.com/media/catalog/Products/SutienKurmene/Zashto_sutien_VIKABABY_za_kurmene/sutien_za_kurmene_3.jpg]
[new.vikababy.com/media/catalog/Products/SutienKurmene/Zashto_sutien_VIKABABY_za_kurmene/sutien_za_kurmene_4.jpg]
[new.vikababy.com/media/catalog/Products/SutienKurmene/vikababy-sutien-za-kurmene-kombo.jpg]
[new.vikababy.com/media/catalog/Products/SutienKurmene/podhodyasht_sutien_za_bremenni_i_kurmene.jpg]
[new.vikababy.com/media/catalog/Products/SutienKurmene/visokokachestven_sutien_za_kurmene_vikababy_dishash_bezsheven_sutien_za_bremenni_2.png]
[new.vikababy.com/media/catalog/Products/SutienKurmene/visokokachestven_sutien_za_kurmene_vikababy_dishash_bezsheven_sutien_za_bremenni.png]
[new.vikababy.com/media/catalog/Products/SutienKurmene/visokokachestven_sutien_za_kurmene_vikababy_dishash_bezsheven_sutien_za_bremenni_1.png]
[new.vikababy.com/media/catalog/Products/SutienKurmene/visokokachestven_sutien_za_kurmene_vikababy_dishash_bezsheven_sutien_za_bremenni_3.png]
[new.vikababy.com/media/catalog/Products/SutienKurmene/Otzivi/sutien-za-kurmene-mnenia-review-1.jpg]
[new.vikababy.com/media/catalog/Products/SutienKurmene/Otzivi/sutien-za-kurmene-mnenia-review-3.jpg]
[new.vikababy.com/media/catalog/Products/SutienKurmene/Otzivi/sutien-za-kurmene-mnenia-review-2.jpg]
[new.vikababy.com/sutien-za-bremenni-i-karmene.html]
[new.vikababy.com/catalogsearch/advanced/https.html]
[new.vikababy.com/media/captcha/base/44dc3e9d3cd697ac50eb578321a94a44.png]
[new.vikababy.com/customer/account/login/referer/aHR0cHM6Ly9uZXcudmlrYWJhYnkuY29tL2NhdGFsb2dzZWFyY2gvYWR2YW5jZWQvaW5kZXgv/https.html]
[new.vikababy.com/media/captcha/base/c5b99aeba015cab80179a0d1d2752fdf.png]
[new.vikababy.com/customer/account/login/referer/aHR0cHM6Ly9uZXcudmlrYWJhYnkuY29tL2NhdGFsb2dzZWFyY2gvYWR2YW5jZWQvaW5kZXgv/index.html]
[new.vikababy.com/customer/account/login/referer/aHR0cHM6Ly9uZXcudmlrYWJhYnkuY29tL3JvZGlsa2kuaHRtbA,,/https.html]
[new.vikababy.com/media/captcha/base/3ec0bd229213b57789e1edde1756f446.png]
[new.vikababy.com/customer/account/login/referer/aHR0cHM6Ly9uZXcudmlrYWJhYnkuY29tL3JvZGlsa2kuaHRtbA,,/index.html]
[new.vikababy.com/media/catalog/Products/bustie/biustie-za-cedene-na-kurma-sutien.jpg]
[new.vikababy.com/customer/account/login/referer/aHR0cHM6Ly9uZXcudmlrYWJhYnkuY29tL2JqdXN0aWUtemEtbGVzbm8taXpjZXpoZGFuZS5odG1s/index.html]
[new.vikababy.com/media/catalog/product/cache/d2f1bdd8528c70a53d0984faa6008c9d/b/u/bustie-za-lesno-izcejdane-7.jpg]
[new.vikababy.com/media/catalog/Products/bustie/zashto-vikababy-bustie-za-izcejdane-4.jpg]
[new.vikababy.com/media/catalog/Products/bustie/zashto-vikababy-bustie-za-izcejdane-3.jpg]
[new.vikababy.com/media/catalog/Products/bustie/zashto-vikababy-bustie-za-izcejdane-2.jpg]
[new.vikababy.com/media/catalog/Products/bustie/zashto-vikababy-bustie-za-izcejdane-1.jpg]
[new.vikababy.com/media/catalog/Products/bustie/bustie-za-lesno-izcejdane-i-kurmene.jpg]
[new.vikababy.com/media/catalog/Products/bustie/Copy_of_Copy_of_Super_Woman.jpg]
[new.vikababy.com/media/catalog/Products/bustie/bustie-za-lesno-izcejdane-i-kurmene-1.jpg]
[new.vikababy.com/media/catalog/Products/bustie/bustie-za-lesno-izcejdane-review-2.jpg]
[new.vikababy.com/media/catalog/Products/bustie/bustie-za-lesno-izcejdane-review-1.jpg]
[new.vikababy.com/media/catalog/Products/bustie/bustie-za-lesno-izcejdane-review-3.jpg]
[new.vikababy.com/media/catalog/Products/bustie/bustie-za-lesno-izcejdane-mneniya-1.jpg]
[new.vikababy.com/media/catalog/Products/bustie/bustie-za-lesno-izcejdane-mneniya-3.jpg]
[new.vikababy.com/media/catalog/Products/bustie/bustie-za-lesno-izcejdane-mneniya-2.jpg]
[new.vikababy.com/media/captcha/base/68a88392b0e5b11df4e36986043680f6.png]
[new.vikababy.com/bjustie-za-lesno-izcezhdane.html]
[new.vikababy.com/media/catalog/product/cache/d2f1bdd8528c70a53d0984faa6008c9d/r/b/rbvasfpukd6aghkvaag9kprzbzi915.jpg]
[new.vikababy.com/customer/account/login/referer/aHR0cHM6Ly9uZXcudmlrYWJhYnkuY29tL3ZhemdsYXZuaWNhLXphLWthcm1lbmUuaHRtbA,,/index.html]
[new.vikababy.com/media/captcha/base/b65cb44cc52fd32f9d3984a7c960da06.png]
[new.vikababy.com/vazglavnica-za-karmene.html]
[new.vikababy.com/media/catalog/Products/Ergoranica/ergonomichna-ranica-za-bebe-vikababy-reshenieto.jpg]
[new.vikababy.com/media/catalog/product/cache/d2f1bdd8528c70a53d0984faa6008c9d/e/r/ergonomichna-ranica-za-bebe-vikababy-glavna.jpg]
[new.vikababy.com/media/catalog/Products/ergonomichna-ranica-za-bebe-vikababy-predimstvo-1.jpg]
[new.vikababy.com/media/catalog/Products/ergonomichna-ranica-za-bebe-vikababy-predimstvo-2.jpg]
[new.vikababy.com/media/catalog/Products/ergonomichna-ranica-za-bebe-vikababy-predimstvo-3.jpg]
[new.vikababy.com/media/catalog/Products/ergonomichna-ranica-za-bebe-vikababy-predimstvo-4.jpg]
[new.vikababy.com/media/catalog/Products/ergonomichna-ranica-za-bebe-vikababy-predimstvo-5.jpg]
[new.vikababy.com/customer/account/login/referer/aHR0cHM6Ly9uZXcudmlrYWJhYnkuY29tL2VyZ29ub21pY2huYS1yYW5pY2EuaHRtbA,,/index.html]
[new.vikababy.com/media/catalog/Products/ergonomichna-ranica-za-bebe-vikababy-akcenti.jpg]
[new.vikababy.com/media/catalog/Products/ergonomichna-ranica-za-bebe-nosene-vikababy-lifestyle.jpg]
[new.vikababy.com/media/catalog/Products/ergonomichna-ranica-za-bebe-vikababy-upotreba-3.jpg]
[new.vikababy.com/media/catalog/Products/ergonomichna-ranica-za-bebe-vikababy-upotreba-4.jpg]
[new.vikababy.com/media/catalog/Products/ergonomichna-ranica-za-bebe-vikababy-upotreba-1.jpg]
[new.vikababy.com/media/catalog/Products/ergonomichna-ranica-za-bebe-vikababy-upotreba-2.jpg]
[new.vikababy.com/media/catalog/Products/Ergoranica/ergoranica-za-nowene-na-bebe-mneniya-otzivi-1.jpg]
[new.vikababy.com/media/catalog/Products/Ergoranica/ergoranica-za-nowene-na-bebe-mneniya-otzivi-3.jpg]
[new.vikababy.com/media/catalog/Products/Ergoranica/ergoranica-za-nowene-na-bebe-mneniya-otzivi-2.jpg]
[new.vikababy.com/media/captcha/base/e0c98b584de92f5cb3d208ce7ecc7b62.png]
[new.vikababy.com/ergonomichna-ranica.html]
[new.vikababy.com/media/catalog/Products/Ranica_kolichka/bebeshka-ranica-za-bebeshki-prinadlejnosti.jpg]
[new.vikababy.com/media/catalog/product/cache/d2f1bdd8528c70a53d0984faa6008c9d/b/e/bebeshka-ranica-za-kolichka-bebeshki-prinadlejnosti-sivo-rozova-new.jpg.jpg]
[new.vikababy.com/customer/account/login/referer/aHR0cHM6Ly9uZXcudmlrYWJhYnkuY29tL3JhbmljYS16YS1rb2xpY2hrYS5odG1s/index.html]
[new.vikababy.com/media/catalog/Products/Ranica_kolichka/zashto-vikababy-ranica-za-bebeshki-prinadlejnosti-1.jpg]
[new.vikababy.com/media/catalog/Products/Ranica_kolichka/zashto-vikababy-ranica-za-bebeshki-prinadlejnosti-2.jpg]
[new.vikababy.com/media/catalog/Products/Ranica_kolichka/zashto-vikababy-ranica-za-bebeshki-prinadlejnosti-4.jpg]
[new.vikababy.com/media/catalog/Products/Ranica_kolichka/zashto-vikababy-ranica-za-bebeshki-prinadlejnosti-8.jpg]
[new.vikababy.com/media/catalog/Products/Ranica_kolichka/zashto-vikababy-ranica-za-bebeshki-prinadlejnosti-6.jpg]
[new.vikababy.com/media/catalog/Products/Ranica_kolichka/zashto-vikababy-ranica-za-bebeshki-prinadlejnosti-5.jpg]
[new.vikababy.com/media/catalog/Products/Ranica_kolichka/zashto-vikababy-ranica-za-bebeshki-prinadlejnosti-7.jpg]
[new.vikababy.com/media/catalog/Products/Ranica_kolichka/zashto-vikababy-ranica-za-bebeshki-prinadlejnosti-3.jpg]
[new.vikababy.com/media/catalog/Products/Ranica_kolichka/bebeshki-ranici-modeli-detaili-ranica-za-kolichka.jpg]
[new.vikababy.com/media/catalog/Products/Ranica_kolichka/bebeshka-ranica-upotreba.jpg]
[new.vikababy.com/media/catalog/Products/Ranica_kolichka/bebeshka-ranica-2.jpg]
[new.vikababy.com/media/catalog/Products/Ranica_kolichka/bebeshka-ranica-1.jpg]
[new.vikababy.com/media/catalog/Products/Ranica_kolichka/bebeshka-ranica-4.jpg]
[new.vikababy.com/media/catalog/Products/Ranica_kolichka/bebeshka-ranica-3.jpg]
[new.vikababy.com/media/catalog/Products/Ranica_kolichka/ranica-za-bebeshki-prinadlejnosti-mnenia-1.jpg]
[new.vikababy.com/media/catalog/Products/Ranica_kolichka/ranica-za-bebeshki-prinadlejnosti-mnenia-3.jpg]
[new.vikababy.com/media/catalog/Products/Ranica_kolichka/ranica-za-bebeshki-prinadlejnosti-mnenia-2.jpg]
[new.vikababy.com/media/captcha/base/6ab8a0ef430e705956d401f3f684dfde.png]
[new.vikababy.com/ranica-za-kolichka.html]
[new.vikababy.com/customer/account/login/referer/aHR0cHM6Ly9uZXcudmlrYWJhYnkuY29tL2JyZW1lbm5pLmh0bWw,/https.html]
[new.vikababy.com/media/captcha/base/14801d1fb3e7dc7673843b5c32f0d190.png]
[new.vikababy.com/customer/account/login/referer/aHR0cHM6Ly9uZXcudmlrYWJhYnkuY29tL2JyZW1lbm5pLmh0bWw,/index.html]
[new.vikababy.com/media/kolan-za-bremenni-c2.jpg]
[new.vikababy.com/media/catalog/product/cache/d2f1bdd8528c70a53d0984faa6008c9d/p/o/poddyrjasht_kolan_za_bremenni_vika_baby_1.jpg]
[new.vikababy.com/media/poddyrjasht-kolan-za-bremenni-vika-baby-1.jpg]
[new.vikababy.com/customer/account/login/referer/aHR0cHM6Ly9uZXcudmlrYWJhYnkuY29tL3BvZGQtcnpoYXNjaC1rb2xhbi16YS1icmVtZW5uaS12aWthLWJhYnkuaHRtbA,,/index.html]
[new.vikababy.com/media/dishasht-kolan-za-bremenni-vika.png]
[new.vikababy.com/media/poddyrjasg-kolan-za-bremenni-vika.png]
[new.vikababy.com/media/korigirasht-kolan-za-bremenni-vika.png]
[new.vikababy.com/media/kolan_za_bremenni_vika_baby.jpg]
[new.vikababy.com/media/Vika_poddyrjash_kolan_za_bremenni.jpg]
[new.vikababy.com/media/poddyrjasht-kolan-za-bremenni-vika-baby.jpg]
[new.vikababy.com/media/poddyrjasht-kolan-vika-baby-2.jpg]
[new.vikababy.com/media/poddyrvasht-kolan-vika-baby-3.jpg]
[new.vikababy.com/media/Vika-poddyrjash-kolan-za-bremenni-mneniya-1.jpg]
[new.vikababy.com/media/Vika-poddyrjash-kolan-za-bremenni-mneniya-3.jpg]
[new.vikababy.com/media/Vika-poddyrjash-kolan-za-bremenni-mneniya-2.jpg]
[new.vikababy.com/media/otziv-kolan-za-bremenni-mnenia.jpg]
[new.vikababy.com/media/captcha/base/d2c8e035ad16b3767d568aeb11db77e4.jpg]
[new.vikababy.com/podd-rzhasch-kolan-za-bremenni-vika-baby.html]
[new.vikababy.com/media/catalog/Products/bikinibremenni/ejednevni-bikini-za-bremenni.jpg]
[new.vikababy.com/media/catalog/product/cache/d2f1bdd8528c70a53d0984faa6008c9d/e/j/ejednevni-bikini-za-bremenni-3.jpg]
[new.vikababy.com/customer/account/login/referer/aHR0cHM6Ly9uZXcudmlrYWJhYnkuY29tL2V6aGVkbmV2bmktYmlraW5pLXphLWJyZW1lbm5pLmh0bWw,/index.html]
[new.vikababy.com/media/catalog/Products/bikinibremenni/bikini-za-bremenni-polzi.jpg]
[new.vikababy.com/media/catalog/Products/bikinibremenni/bikini-za-bremenni-polzi-2.jpg]
[new.vikababy.com/media/catalog/Products/bikinibremenni/bikini-za-bremenni-polzi-1.jpg]
[new.vikababy.com/media/catalog/Products/bikinibremenni/bikini-za-bremenni-polzi-3.jpg]
[new.vikababy.com/media/catalog/Products/bikinibremenni/bikini-za-bremenni-predimstva.jpg]
[new.vikababy.com/media/catalog/Products/bikinibremenni/bikini-za-bremenni-upotreba.jpg]
[new.vikababy.com/media/catalog/Products/bikinibremenni/bikini-za-bremenni-3.jpg]
[new.vikababy.com/media/catalog/Products/bikinibremenni/bikini-za-bremenni-1.jpg]
[new.vikababy.com/media/catalog/Products/bikinibremenni/bikini-za-bremenni-4.jpg]
[new.vikababy.com/media/catalog/Products/bikinibremenni/bikini-za-bremenni-2.jpg]
[new.vikababy.com/media/catalog/Products/bikinibremenni/bikini-za-bremenni-mneniya-2.jpg]
[new.vikababy.com/media/catalog/Products/bikinibremenni/bikini-za-bremenni-mneniya-1.jpg]
[new.vikababy.com/media/catalog/Products/bikinibremenni/bikini-za-bremenni-mneniya-3.jpg]
[new.vikababy.com/media/captcha/base/91723aa78faa38daa2145fd35d0c3f4c.png]
[new.vikababy.com/ezhednevni-bikini-za-bremenni.html]
[new.vikababy.com/customer/account/login/referer/aHR0cHM6Ly9uZXcudmlrYWJhYnkuY29tL3phLWJlYmV0by5odG1s/https.html]
[new.vikababy.com/media/captcha/base/475da51a07d4d3c0dfcccadf168e3f04.png]
[new.vikababy.com/customer/account/login/referer/aHR0cHM6Ly9uZXcudmlrYWJhYnkuY29tL3phLWJlYmV0by5odG1s/index.html]
[new.vikababy.com/media/catalog/Products/Organaizer_za_leglo/organaizer-za-leglo-i-bebeshka-koshara-cena.jpg]
[new.vikababy.com/media/catalog/product/cache/d2f1bdd8528c70a53d0984faa6008c9d/o/r/organaizer-za-leglo-i-bebeshka-koshara-1.jpg]
[new.vikababy.com/media/catalog/Products/Organaizer_za_leglo/organaizer-za-leglo-i-bebeshka-koshara-predimstva-5.jpg]
[new.vikababy.com/media/catalog/Products/Organaizer_za_leglo/organaizer-za-leglo-i-bebeshka-koshara-predimstva-4.jpg]
[new.vikababy.com/customer/account/login/referer/aHR0cHM6Ly9uZXcudmlrYWJhYnkuY29tL29yZ2FuYWp6ZXItemEta29zaGFyYS1pbGktbGVnbG8uaHRtbA,,/index.html]
[new.vikababy.com/media/catalog/Products/Organaizer_za_leglo/organaizer-za-leglo-i-bebeshka-koshara-predimstva-2.jpg]
[new.vikababy.com/media/catalog/Products/Organaizer_za_leglo/organaizer-za-leglo-i-bebeshka-koshara-predimstva-6.jpg]
[new.vikababy.com/media/catalog/Products/Organaizer_za_leglo/organaizer-za-leglo-i-bebeshka-koshara-predimstva-3.jpg]
[new.vikababy.com/media/catalog/Products/Organaizer_za_leglo/organaizer-za-leglo-i-bebeshka-koshara-predimstva-1.jpg]
[new.vikababy.com/media/catalog/Products/Organaizer_za_leglo/organaizer-za-leglo-i-bebeshka-koshara-harakteristiki.jpg]
[new.vikababy.com/media/catalog/Products/Organaizer_za_leglo/organaizer-za-leglo-i-bebeshka-koshara-upotreba.jpg]
[new.vikababy.com/media/catalog/Products/Organaizer_za_leglo/organaizer-za-detska-staya-koshara-bebeshko-leglo-1.jpg]
[new.vikababy.com/media/catalog/Products/Organaizer_za_leglo/organaizer-za-detska-staya-koshara-bebeshko-leglo-2.jpg]
[new.vikababy.com/media/catalog/Products/Organaizer_za_leglo/organaizer-za-detska-staya-koshara-bebeshko-leglo-3.jpg]
[new.vikababy.com/media/catalog/Products/Organaizer_za_leglo/organaizer-za-detska-staya-koshara-bebeshko-leglo-4.jpg]
[new.vikababy.com/media/catalog/Products/Organaizer_za_leglo/organaizer-za-leglo-i-bebeshka-koshara-mneniya-2.jpg]
[new.vikababy.com/media/catalog/Products/Organaizer_za_leglo/organaizer-za-leglo-i-bebeshka-koshara-mneniya-1.jpg]
[new.vikababy.com/media/catalog/Products/Organaizer_za_leglo/organaizer-za-leglo-i-bebeshka-koshara-mneniya-3.jpg]
[new.vikababy.com/media/captcha/base/7cf26781895ae03dd6564cdba7cd36f1.png]
[new.vikababy.com/organajzer-za-koshara-ili-leglo.html]
[new.vikababy.com/media/catalog/Products/Prenosim_organaizer/Prenosim-organaizer-za-bebeshki-prinadlejnosti-aksesoari-igrachki-prinadlejnosti.jpg]
[new.vikababy.com/media/catalog/product/cache/d2f1bdd8528c70a53d0984faa6008c9d/p/r/prenosim-organaizer-za-bebeshki-prinadlejnosti-aksesoari-igrachki-5.jpg]
[new.vikababy.com/media/catalog/Products/Prenosim_organaizer/Prenosim-organaizer-za-bebeshki-prinadlejnosti-aksesoari-igrachki-predimstva-1.jpg]
[new.vikababy.com/customer/account/login/referer/aHR0cHM6Ly9uZXcudmlrYWJhYnkuY29tL3ByZW5vc2ltLW9yZ2FuYWp6ZXIuaHRtbA,,/index.html]
[new.vikababy.com/media/catalog/Products/Prenosim_organaizer/Prenosim-organaizer-za-bebeshki-prinadlejnosti-aksesoari-igrachki-predimstva-2.jpg]
[new.vikababy.com/media/catalog/Products/Prenosim_organaizer/Prenosim-organaizer-za-bebeshki-prinadlejnosti-aksesoari-igrachki-predimstva-3.jpg]
[new.vikababy.com/media/catalog/Products/Prenosim_organaizer/Prenosim-organaizer-za-bebeshki-prinadlejnosti-aksesoari-igrachki-predimstva-4.jpg]
[new.vikababy.com/media/catalog/Products/Prenosim_organaizer/Prenosim-organaizer-za-bebeshki-prinadlejnosti-aksesoari-igrachki-kachestva-opisanie.jpg]
[new.vikababy.com/media/catalog/Products/Prenosim_organaizer/Prenosim-organaizer-za-bebeshki-prinadlejnosti-aksesoari-igrachki-kachestva-prednaznachenie.jpg]
[new.vikababy.com/media/catalog/Products/Prenosim_organaizer/Prenosim-organaizer-za-bebeshki-prinadlejnosti-aksesoari-igrachki-prinadlejnosti-2.jpg]
[new.vikababy.com/media/catalog/Products/Prenosim_organaizer/Prenosim-organaizer-za-bebeshki-prinadlejnosti-aksesoari-igrachki-prinadlejnosti-3.jpg]
[new.vikababy.com/media/catalog/Products/Prenosim_organaizer/Prenosim-organaizer-za-bebeshki-prinadlejnosti-aksesoari-igrachki-prinadlejnosti-4.jpg]
[new.vikababy.com/media/catalog/Products/Prenosim_organaizer/Prenosim-organaizer-za-bebeshki-prinadlejnosti-aksesoari-igrachki-prinadlejnosti-1.jpg]
[new.vikababy.com/media/catalog/Products/Prenosim_organaizer/Prenosim-organaizer-za-bebeshki-prinadlejnosti-aksesoari-igrachki-mneniya-1.jpg]
[new.vikababy.com/media/catalog/Products/Prenosim_organaizer/Prenosim-organaizer-za-bebeshki-prinadlejnosti-aksesoari-igrachki-mneniya-2.jpg]
[new.vikababy.com/media/catalog/Products/Prenosim_organaizer/Prenosim-organaizer-za-bebeshki-prinadlejnosti-aksesoari-igrachki-mneniya-3.jpg]
[new.vikababy.com/media/captcha/base/d31dfbd89ad6cb8605ed863755025327.png]
[new.vikababy.com/prenosim-organajzer.html]
[new.vikababy.com/media/catalog/Products/Grivni_drunkulki_i_chorapki/grivni-drunkulki-chorapki-komplekt-za-bebe.jpg]
[new.vikababy.com/media/catalog/product/cache/d2f1bdd8528c70a53d0984faa6008c9d/1/_/1.jpg]
[new.vikababy.com/media/catalog/Products/Grivni_drunkulki_i_chorapki/grivni-drunkulki-chorapki-komplekt-predimstva-1.jpg]
[new.vikababy.com/media/catalog/Products/Grivni_drunkulki_i_chorapki/grivni-drunkulki-chorapki-komplekt-predimstva-3.jpg]
[new.vikababy.com/customer/account/login/referer/aHR0cHM6Ly9uZXcudmlrYWJhYnkuY29tL2dyaXZuaS1kci1ua2Fsa2ktaS1jaG9yYXBraS5odG1s/index.html]
[new.vikababy.com/media/catalog/Products/Grivni_drunkulki_i_chorapki/grivni-drunkulki-chorapki-komplekt-predimstva-2.jpg]
[new.vikababy.com/media/catalog/Products/Grivni_drunkulki_i_chorapki/grivni-drunkulki-chorapki-komplekt-harakteristriki.jpg]
[new.vikababy.com/media/catalog/Products/Grivni_drunkulki_i_chorapki/grivni-drunkulki-chorapki-komplekt-predimstva-polzi.jpg]
[new.vikababy.com/media/catalog/Products/Grivni_drunkulki_i_chorapki/grivni-drunkulki-chorapki-komplekt-chorapche-1.jpg]
[new.vikababy.com/media/catalog/Products/Grivni_drunkulki_i_chorapki/grivni-drunkulki-chorapki-komplekt-grivna-1.jpg]
[new.vikababy.com/media/catalog/Products/Grivni_drunkulki_i_chorapki/grivni-drunkulki-chorapki-komplekt-chorapche-2.jpg]
[new.vikababy.com/media/catalog/Products/Grivni_drunkulki_i_chorapki/grivni-drunkulki-chorapki-komplekt-grivna-2.jpg]
[new.vikababy.com/media/catalog/Products/Grivni_drunkulki_i_chorapki/grivni-drunkulki-chorapki-komplekt-mneniya-2.jpg]
[new.vikababy.com/media/catalog/Products/Grivni_drunkulki_i_chorapki/grivni-drunkulki-chorapki-komplekt-mneniya-1.jpg]
[new.vikababy.com/media/catalog/Products/Grivni_drunkulki_i_chorapki/grivni-drunkulki-chorapki-komplekt-mneniya-3.jpg]
[new.vikababy.com/media/captcha/base/2b37eaa969b2f07b69e3ff13f14c9dd1.png]
[new.vikababy.com/grivni-dr-nkalki-i-chorapki.html]
[new.vikababy.com/media/catalog/Products/Rukavichki/silikonova-rukavichka-za-grizane-chesane-na-nikneshti-bebeshki-zubi-vika-baby.jpg]
[new.vikababy.com/media/catalog/product/cache/d2f1bdd8528c70a53d0984faa6008c9d/b/e/bebeshki-rukavichki-chesalki-za-grizane-chesane-na-zubi.jpg]
[new.vikababy.com/media/catalog/Products/Rukavichki/silikonova-rukavichka-za-grizane-chesane-na-nikneshti-bebeshki-zubi.jpg]
[new.vikababy.com/customer/account/login/referer/aHR0cHM6Ly9uZXcudmlrYWJhYnkuY29tL3J1a2F2aWNoa2ktY2hlc2Fsa2ktemEtZ3JpemFuZS5odG1s/index.html]
[new.vikababy.com/media/catalog/Products/Rukavichki/silikonova-rukavichka-za-grizane-chesane-na-nikneshti-bebeshki-zubi-shareni-cvetni-tochki.jpg]
[new.vikababy.com/media/catalog/Products/Rukavichki/silikonova-rukavichka-za-grizane-chesane-na-nikneshti-bebeshki-zubi-s-velkro.jpg]
[new.vikababy.com/media/catalog/Products/Rukavichki/silikonova-rukavichka-za-grizane-chesane-na-nikneshti-bebeshki-zubi-s-zvuk.jpg]
[new.vikababy.com/media/catalog/Products/Rukavichki/silikonova-udobni-meki-rukavichka-za-grizane-chesane-na-nikneshti-bebeshki-zubki.jpg]
[new.vikababy.com/media/catalog/Products/Rukavichki/silikonova-rukavichka-za-grizane-chesane-na-nikneshti-bebeshki-zubi-opisanie.jpg]
[new.vikababy.com/media/catalog/Products/Rukavichki/silikonova-rukavichka-za-grizane-chesane-na-nikneshti-bebeshki-zubi-polzi.jpg]
[new.vikababy.com/media/catalog/Products/Rukavichki/silikonova-rukavichka-za-grizane-chesane-na-nikneshti-bebeshki-zubi-mnenia-2.jpg]
[new.vikababy.com/media/catalog/Products/Rukavichki/silikonova-rukavichka-za-grizane-chesane-na-nikneshti-bebeshki-zubi-mnenia-1.jpg]
[new.vikababy.com/media/catalog/Products/Rukavichki/silikonova-rukavichka-za-grizane-chesane-na-nikneshti-bebeshki-zubi-mnenia-3.jpg]
[new.vikababy.com/media/captcha/base/b6b0eb269b9582d0b6b9e9f823d52087.png]
[new.vikababy.com/rukavichki-chesalki-za-grizane.html]
[new.vikababy.com/customer/account/login/referer/aHR0cHM6Ly9uZXcudmlrYWJhYnkuY29tL2JlYmVub3NlbmUuaHRtbA,,/https.html]
[new.vikababy.com/media/captcha/base/0f8eb5bd7ac6c02e806416689d4ca09f.png]
[new.vikababy.com/customer/account/login/referer/aHR0cHM6Ly9uZXcudmlrYWJhYnkuY29tL2JlYmVub3NlbmUuaHRtbA,,/index.html]
[new.vikababy.com/customer/account/login/referer/aHR0cHM6Ly9uZXcudmlrYWJhYnkuY29tL3phLWRldHNrYXRhLXN0YWphLmh0bWw,/https.html]
[new.vikababy.com/media/captcha/base/5d3b87607b3362d1b4214651c8f0ba9b.png]
[new.vikababy.com/customer/account/login/referer/aHR0cHM6Ly9uZXcudmlrYWJhYnkuY29tL3phLWRldHNrYXRhLXN0YWphLmh0bWw,/index.html]
[new.vikababy.com/static/version1628677971/frontend/Smartwave/porto/bg_BG/mage/gallery/gallery.png]
[new.vikababy.com/static/version1628677971/frontend/Smartwave/porto/bg_BG/mage/gallery/gallery.css]
[new.vikababy.com/static/version1628677971/frontend/Smartwave/porto/bg_BG/Magepow_SpecialPromotions/css/banner.css]
[new.vikababy.com/static/version1628677971/frontend/Smartwave/porto/bg_BG/Smartwave_Dailydeals/css/custom_dailydeal_list_page.css]
[new.vikababy.com/customer/account/login/referer/aHR0cHM6Ly9uZXcudmlrYWJhYnkuY29tL3Rlbmlza2EtemEtYnJlbWVubmktaWxpLWthcm1hY2hraS1zLWthcy1yYWthdi5odG1s/https.html]
[new.vikababy.com/media/captcha/base/bdf3cabd95595ec0a7213fd89cdb6931.png]
[new.vikababy.com/customer/account/login/referer/aHR0cHM6Ly9uZXcudmlrYWJhYnkuY29tL3Rlbmlza2EtemEtYnJlbWVubmktaWxpLWthcm1hY2hraS1zLWthcy1yYWthdi5odG1s/index.html]
[new.vikababy.com/customer/account/login/referer/aHR0cHM6Ly9uZXcudmlrYWJhYnkuY29tL3Rlbmlza2EtemEtYnJlbWVubmktemhlbmktcy1rYXMtcmFrYXYtZWRub2N2ZXRuYS5odG1s/https.html]
[new.vikababy.com/media/captcha/base/a350fc7ccd1b0a46e724eb461cab1bba.png]
[new.vikababy.com/customer/account/login/referer/aHR0cHM6Ly9uZXcudmlrYWJhYnkuY29tL3Rlbmlza2EtemEtYnJlbWVubmktemhlbmktcy1rYXMtcmFrYXYtZWRub2N2ZXRuYS5odG1s/index.html]
[new.vikababy.com/customer/account/login/referer/aHR0cHM6Ly9uZXcudmlrYWJhYnkuY29tL2JsdXphLXphLWthcm1lbmUtcy1kYWwtZy1yYWthdi5odG1s/https.html]
[new.vikababy.com/media/captcha/base/286cc1a15003c9c01383fda170ed35dd.png]
[new.vikababy.com/customer/account/login/referer/aHR0cHM6Ly9uZXcudmlrYWJhYnkuY29tL2JsdXphLXphLWthcm1lbmUtcy1kYWwtZy1yYWthdi5odG1s/index.html]
[new.vikababy.com/customer/account/login/referer/aHR0cHM6Ly9uZXcudmlrYWJhYnkuY29tL3Rlbmlza2EtemEtYnJlbWVubmktcy1rYXMtcmFrYXYtaS16YWJhdm5hLXNjaGFtcGEuaHRtbA,,/https.html]
[new.vikababy.com/media/captcha/base/46dc63fcf96d581bb586395cc4343d7d.png]
[new.vikababy.com/customer/account/login/referer/aHR0cHM6Ly9uZXcudmlrYWJhYnkuY29tL3Rlbmlza2EtemEtYnJlbWVubmktcy1rYXMtcmFrYXYtaS16YWJhdm5hLXNjaGFtcGEuaHRtbA,,/index.html]
[new.vikababy.com/customer/account/login/referer/aHR0cHM6Ly9uZXcudmlrYWJhYnkuY29tL2xqYXRuYS1yb2tsamEtemEtYnJlbWVubmktaS1rYXJtYWNoa2ktcy1rYXMtcmFrYXYuaHRtbA,,/https.html]
[new.vikababy.com/media/captcha/base/6754029c7bde7ef18f98c41db2bdc214.png]
[new.vikababy.com/customer/account/login/referer/aHR0cHM6Ly9uZXcudmlrYWJhYnkuY29tL2xqYXRuYS1yb2tsamEtemEtYnJlbWVubmktaS1rYXJtYWNoa2ktcy1rYXMtcmFrYXYuaHRtbA,,/index.html]
[new.vikababy.com/customer/account/login/referer/aHR0cHM6Ly9uZXcudmlrYWJhYnkuY29tL3Rlbmlza2ktemEtYnJlbWVubmktemFiYXZuaS1uYWRwaXNpLWktc2NoYW1wYS5odG1s/https.html]
[new.vikababy.com/media/captcha/base/651044328d0c1bfbb290d48e4ba43850.png]
[new.vikababy.com/customer/account/login/referer/aHR0cHM6Ly9uZXcudmlrYWJhYnkuY29tL3Rlbmlza2ktemEtYnJlbWVubmktemFiYXZuaS1uYWRwaXNpLWktc2NoYW1wYS5odG1s/index.html]
[new.vikababy.com/media/Images/pp-belt/61V6mJtL3_L._SL1000_.html]
[new.vikababy.com/customer/account/login/referer/aHR0cHM6Ly9uZXcudmlrYWJhYnkuY29tL3VuaXZlcnNhbG5/https.html]
[new.vikababy.com/media/captcha/base/29c39c8ec79c7dae678dd15cb3c52e9e.png]
[new.vikababy.com/customer/account/login/referer/aHR0cHM6Ly9uZXcudmlrYWJhYnkuY29tL3VuaXZlcnNhbG5/index.html]
[new.vikababy.com/customer/account/login/referer/aHR0cHM6Ly9uZXcudmlrYWJhYnkuY29tL2NoYW50aWNoa2Etb3JnYW5haXplci16YS1wYW1wZXJzaS1pLWJlYmVzaGtpLWFrc2Vzb2FyaS5odG1s/https.html]
[new.vikababy.com/media/captcha/base/f7c386cda5a95356bf29607a6fb69813.png]
[new.vikababy.com/customer/account/login/referer/aHR0cHM6Ly9uZXcudmlrYWJhYnkuY29tL2NoYW50aWNoa2Etb3JnYW5haXplci16YS1wYW1wZXJzaS1pLWJlYmVzaGtpLWFrc2Vzb2FyaS5odG1s/index.html]
[new.vikababy.com/customer/account/login/referer/aHR0cHM6Ly9uZXcudmlrYWJhYnkuY29tL29ic2NoaS11c2xvdmlqYQ,,/https.html]
[new.vikababy.com/media/captcha/base/1f016b6eb4f0357c432eceddbdaf8aa7.png]
[new.vikababy.com/customer/account/login/referer/aHR0cHM6Ly9uZXcudmlrYWJhYnkuY29tL29ic2NoaS11c2xvdmlqYQ,,/index.html]
[new.vikababy.com/customer/account/login/referer/aHR0cHM6Ly9uZXcudmlrYWJhYnkuY29tL3VzbG92aWphLXphLXZyeXNodGFuZS1pLXphbWlhbmE,/https.html]
[new.vikababy.com/media/captcha/base/6580843cbfd6338ec0b5f50a4322083d.png]
[new.vikababy.com/customer/account/login/referer/aHR0cHM6Ly9uZXcudmlrYWJhYnkuY29tL3VzbG92aWphLXphLXZyeXNodGFuZS1pLXphbWlhbmE,/index.html]
[new.vikababy.com/customer/account/login/referer/aHR0cHM6Ly9uZXcudmlrYWJhYnkuY29tL3BvbGl0aWthLXphLXBvdmVyaXRlbG5vc3Q,/https.html]
[new.vikababy.com/media/captcha/base/5bae2c0505b510b44b707ad4f710107c.png]
[new.vikababy.com/customer/account/login/referer/aHR0cHM6Ly9uZXcudmlrYWJhYnkuY29tL3BvbGl0aWthLXphLXBvdmVyaXRlbG5vc3Q,/index.html]
[new.vikababy.com/media/captcha/base/0f9a5a9c6c613ab5df4791c4b08fa0a0.png]
[new.vikababy.com/customer/account/login/referer/aHR0cHM6Ly9uZXcudmlrYWJhYnkuY29tL2NvbnRhY3Q,/https.html]
[new.vikababy.com/media/captcha/base/f19629f4f6f0a1c1ec9ff4e192b504dd.png]
[new.vikababy.com/customer/account/forgotpassword/https.html]
[new.vikababy.com/media/captcha/base/14fe473849ae78799626649946525d5b.png]
[new.vikababy.com/customer/account/login/referer/aHR0cHM6Ly9uZXcudmlrYWJhYnkuY29tL2N1c3RvbWVyL2FjY291bnQvZm9yZ290cGFzc3dvcmQv/https.html]
[new.vikababy.com/media/captcha/base/803c22183aeda077cf88f5819993a940.png]
[new.vikababy.com/customer/account/login/referer/aHR0cHM6Ly9uZXcudmlrYWJhYnkuY29tL2N1c3RvbWVyL2FjY291bnQvZm9yZ290cGFzc3dvcmQv/index.html]
[new.vikababy.com/media/captcha/base/6a185783206460ec768b31e21b371e6f.png]
[new.vikababy.com/customer/account/login/referer/aHR0cHM6Ly9uZXcudmlrYWJhYnkuY29tL2N1c3RvbWVyL2FjY291bnQvY3JlYXRlLw,,/https.html]
[new.vikababy.com/media/captcha/base/c5694a409b0e300fc650741e4d8c2de3.png]
[new.vikababy.com/customer/account/login/referer/aHR0cHM6Ly9uZXcudmlrYWJhYnkuY29tL2NoZWNrb3V0L2NhcnQvaW5kZXgv/https.html]
[new.vikababy.com/customer/account/login/referer/aHR0cHM6Ly9uZXcudmlrYWJhYnkuY29tL3N0amFnYXNjaC1rb2xhbi16YS1zbGVkLXJhemhkYW5lLmh0bWw,/https.html]
[new.vikababy.com/media/captcha/base/76d62874f912b75979cb1922b39a62d3.png]
[new.vikababy.com/customer/account/login/referer/aHR0cHM6Ly9uZXcudmlrYWJhYnkuY29tL3N0amFnYXNjaC1rb2xhbi16YS1zbGVkLXJhemhkYW5lLmh0bWw,/index.html]
[new.vikababy.com/customer/account/login/referer/aHR0cHM6Ly9uZXcudmlrYWJhYnkuY29tL3N1dGllbi16YS1icmVtZW5uaS1pLWthcm1lbmUuaHRtbA,,/https.html]
[new.vikababy.com/media/captcha/base/307e6dc2b349a736cd211992e4e437c8.png]
[new.vikababy.com/customer/account/login/referer/aHR0cHM6Ly9uZXcudmlrYWJhYnkuY29tL3N1dGllbi16YS1icmVtZW5uaS1pLWthcm1lbmUuaHRtbA,,/index.html]
[new.vikababy.com/media/captcha/base/3c24812e8b25885e17548a604615b0a8.png]
[new.vikababy.com/customer/account/login/referer/aHR0cHM6Ly9uZXcudmlrYWJhYnkuY29tL2NhdGFsb2dzZWFyY2gvYWR2YW5jZWQvaW5kZXgv/https.html]
[new.vikababy.com/media/captcha/base/18a7dea8ff08f3ee7b02dead3a268b9e.png]
[new.vikababy.com/customer/account/login/referer/aHR0cHM6Ly9uZXcudmlrYWJhYnkuY29tL3JvZGlsa2kuaHRtbA,,/https.html]
[new.vikababy.com/customer/account/login/referer/aHR0cHM6Ly9uZXcudmlrYWJhYnkuY29tL2JqdXN0aWUtemEtbGVzbm8taXpjZXpoZGFuZS5odG1s/https.html]
[new.vikababy.com/media/captcha/base/0764d291d724b4375b557a6a54d795bf.png]
[new.vikababy.com/customer/account/login/referer/aHR0cHM6Ly9uZXcudmlrYWJhYnkuY29tL2JqdXN0aWUtemEtbGVzbm8taXpjZXpoZGFuZS5odG1s/index.html]
[new.vikababy.com/customer/account/login/referer/aHR0cHM6Ly9uZXcudmlrYWJhYnkuY29tL3ZhemdsYXZuaWNhLXphLWthcm1lbmUuaHRtbA,,/https.html]
[new.vikababy.com/media/captcha/base/91ec4981031e0805f741433d446783ab.png]
[new.vikababy.com/customer/account/login/referer/aHR0cHM6Ly9uZXcudmlrYWJhYnkuY29tL3ZhemdsYXZuaWNhLXphLWthcm1lbmUuaHRtbA,,/index.html]
[new.vikababy.com/customer/account/login/referer/aHR0cHM6Ly9uZXcudmlrYWJhYnkuY29tL2VyZ29ub21pY2huYS1yYW5pY2EuaHRtbA,,/https.html]
[new.vikababy.com/media/captcha/base/7b956670618b50ccd3e8d8f75cca4a95.png]
[new.vikababy.com/customer/account/login/referer/aHR0cHM6Ly9uZXcudmlrYWJhYnkuY29tL2VyZ29ub21pY2huYS1yYW5pY2EuaHRtbA,,/index.html]
[new.vikababy.com/customer/account/login/referer/aHR0cHM6Ly9uZXcudmlrYWJhYnkuY29tL3JhbmljYS16YS1rb2xpY2hrYS5odG1s/https.html]
[new.vikababy.com/media/captcha/base/3275c5c907c7265454a9ef80cba3f517.png]
[new.vikababy.com/customer/account/login/referer/aHR0cHM6Ly9uZXcudmlrYWJhYnkuY29tL3JhbmljYS16YS1rb2xpY2hrYS5odG1s/index.html]
[new.vikababy.com/media/captcha/base/78590464bd65176b86f209065c19efa4.png]
[new.vikababy.com/customer/account/login/referer/aHR0cHM6Ly9uZXcudmlrYWJhYnkuY29tL2JyZW1lbm5pLmh0bWw,/https.html]
[new.vikababy.com/customer/account/login/referer/aHR0cHM6Ly9uZXcudmlrYWJhYnkuY29tL3BvZGQtcnpoYXNjaC1rb2xhbi16YS1icmVtZW5uaS12aWthLWJhYnkuaHRtbA,,/https.html]
[new.vikababy.com/media/captcha/base/a24c64a0f65aa8e47919343de6927190.png]
[new.vikababy.com/customer/account/login/referer/aHR0cHM6Ly9uZXcudmlrYWJhYnkuY29tL3BvZGQtcnpoYXNjaC1rb2xhbi16YS1icmVtZW5uaS12aWthLWJhYnkuaHRtbA,,/index.html]
[new.vikababy.com/customer/account/login/referer/aHR0cHM6Ly9uZXcudmlrYWJhYnkuY29tL2V6aGVkbmV2bmktYmlraW5pLXphLWJyZW1lbm5pLmh0bWw,/https.html]
[new.vikababy.com/media/captcha/base/95078ccbdbaab653241fec710fad3e91.png]
[new.vikababy.com/customer/account/login/referer/aHR0cHM6Ly9uZXcudmlrYWJhYnkuY29tL2V6aGVkbmV2bmktYmlraW5pLXphLWJyZW1lbm5pLmh0bWw,/index.html]
[new.vikababy.com/media/captcha/base/1304d1db5f0c69d0a7cb87f38ab9b064.png]
[new.vikababy.com/customer/account/login/referer/aHR0cHM6Ly9uZXcudmlrYWJhYnkuY29tL3phLWJlYmV0by5odG1s/https.html]
[new.vikababy.com/customer/account/login/referer/aHR0cHM6Ly9uZXcudmlrYWJhYnkuY29tL29yZ2FuYWp6ZXItemEta29zaGFyYS1pbGktbGVnbG8uaHRtbA,,/https.html]
[new.vikababy.com/media/captcha/base/04f31f5f616a9731af428b9c4292af0f.png]
[new.vikababy.com/customer/account/login/referer/aHR0cHM6Ly9uZXcudmlrYWJhYnkuY29tL29yZ2FuYWp6ZXItemEta29zaGFyYS1pbGktbGVnbG8uaHRtbA,,/index.html]
[new.vikababy.com/customer/account/login/referer/aHR0cHM6Ly9uZXcudmlrYWJhYnkuY29tL3ByZW5vc2ltLW9yZ2FuYWp6ZXIuaHRtbA,,/https.html]
[new.vikababy.com/media/captcha/base/fa7dd0804170e53336e34d3c560ca8bd.png]
[new.vikababy.com/customer/account/login/referer/aHR0cHM6Ly9uZXcudmlrYWJhYnkuY29tL3ByZW5vc2ltLW9yZ2FuYWp6ZXIuaHRtbA,,/index.html]
[new.vikababy.com/customer/account/login/referer/aHR0cHM6Ly9uZXcudmlrYWJhYnkuY29tL2dyaXZuaS1kci1ua2Fsa2ktaS1jaG9yYXBraS5odG1s/https.html]
[new.vikababy.com/media/captcha/base/f513a2c373eef743c4b087a693f377bd.png]
[new.vikababy.com/customer/account/login/referer/aHR0cHM6Ly9uZXcudmlrYWJhYnkuY29tL2dyaXZuaS1kci1ua2Fsa2ktaS1jaG9yYXBraS5odG1s/index.html]
[new.vikababy.com/customer/account/login/referer/aHR0cHM6Ly9uZXcudmlrYWJhYnkuY29tL3J1a2F2aWNoa2ktY2hlc2Fsa2ktemEtZ3JpemFuZS5odG1s/https.html]
[new.vikababy.com/media/captcha/base/1623930c01f08d193bf0c4eb595ebe13.png]
[new.vikababy.com/customer/account/login/referer/aHR0cHM6Ly9uZXcudmlrYWJhYnkuY29tL3J1a2F2aWNoa2ktY2hlc2Fsa2ktemEtZ3JpemFuZS5odG1s/index.html]
[new.vikababy.com/media/captcha/base/325a16a9d9ff3c1a9fd86045f30cda6f.png]
[new.vikababy.com/customer/account/login/referer/aHR0cHM6Ly9uZXcudmlrYWJhYnkuY29tL2JlYmVub3NlbmUuaHRtbA,,/https.html]
[new.vikababy.com/media/captcha/base/270eb02d8f1813b555802cac43e2b169.png]
[new.vikababy.com/customer/account/login/referer/aHR0cHM6Ly9uZXcudmlrYWJhYnkuY29tL3phLWRldHNrYXRhLXN0YWphLmh0bWw,/https.html]
[new.vikababy.com/media/captcha/base/41c445e9b68dc83f67f9021028e89720.png]
[new.vikababy.com/customer/account/login/referer/aHR0cHM6Ly9uZXcudmlrYWJhYnkuY29tL3Rlbmlza2EtemEtYnJlbWVubmktaWxpLWthcm1hY2hraS1zLWthcy1yYWthdi5odG1s/https.html]
[new.vikababy.com/media/captcha/base/bcb9f50e299f3789e97fb48e9e1485c4.png]
[new.vikababy.com/customer/account/login/referer/aHR0cHM6Ly9uZXcudmlrYWJhYnkuY29tL3Rlbmlza2EtemEtYnJlbWVubmktemhlbmktcy1rYXMtcmFrYXYtZWRub2N2ZXRuYS5odG1s/https.html]
[new.vikababy.com/media/captcha/base/841c5f547186ca76e215ed97a35040aa.png]
[new.vikababy.com/customer/account/login/referer/aHR0cHM6Ly9uZXcudmlrYWJhYnkuY29tL2JsdXphLXphLWthcm1lbmUtcy1kYWwtZy1yYWthdi5odG1s/https.html]
[new.vikababy.com/media/captcha/base/498b7217d67d914b95c92b8e096167bd.png]
[new.vikababy.com/customer/account/login/referer/aHR0cHM6Ly9uZXcudmlrYWJhYnkuY29tL3Rlbmlza2EtemEtYnJlbWVubmktcy1rYXMtcmFrYXYtaS16YWJhdm5hLXNjaGFtcGEuaHRtbA,,/https.html]
[new.vikababy.com/media/captcha/base/f62f25a74c7323ece7333facd971a7b9.png]
[new.vikababy.com/customer/account/login/referer/aHR0cHM6Ly9uZXcudmlrYWJhYnkuY29tL2xqYXRuYS1yb2tsamEtemEtYnJlbWVubmktaS1rYXJtYWNoa2ktcy1rYXMtcmFrYXYuaHRtbA,,/https.html]
[new.vikababy.com/media/captcha/base/fe2a1711ed4852f8b90be51b4c7196e8.png]
[new.vikababy.com/customer/account/login/referer/aHR0cHM6Ly9uZXcudmlrYWJhYnkuY29tL3Rlbmlza2ktemEtYnJlbWVubmktemFiYXZuaS1uYWRwaXNpLWktc2NoYW1wYS5odG1s/https.html]
[new.vikababy.com/media/captcha/base/dedea7b1a02597290314a5c793bd6850.png]
[new.vikababy.com/customer/account/login/referer/aHR0cHM6Ly9uZXcudmlrYWJhYnkuY29tL3VuaXZlcnNhbG5/https.html]
[new.vikababy.com/media/captcha/base/297db2641c5f5c8a8c18eede0b42d090.png]
[new.vikababy.com/customer/account/login/referer/aHR0cHM6Ly9uZXcudmlrYWJhYnkuY29tL2NoYW50aWNoa2Etb3JnYW5haXplci16YS1wYW1wZXJzaS1pLWJlYmVzaGtpLWFrc2Vzb2FyaS5odG1s/https.html]
[new.vikababy.com/media/captcha/base/ab27a1bfae1e589a1e628c3d438ce136.png]
[new.vikababy.com/customer/account/login/referer/aHR0cHM6Ly9uZXcudmlrYWJhYnkuY29tL29ic2NoaS11c2xvdmlqYQ,,/https.html]
[new.vikababy.com/media/captcha/base/91234206d241f4d2e691155ac2d8b20d.png]
[new.vikababy.com/customer/account/login/referer/aHR0cHM6Ly9uZXcudmlrYWJhYnkuY29tL3VzbG92aWphLXphLXZyeXNodGFuZS1pLXphbWlhbmE,/https.html]
[new.vikababy.com/media/captcha/base/46b11759434bc2fc3d7d262a7f6f53a5.png]
[new.vikababy.com/customer/account/login/referer/aHR0cHM6Ly9uZXcudmlrYWJhYnkuY29tL3BvbGl0aWthLXphLXBvdmVyaXRlbG5vc3Q,/https.html]
[new.vikababy.com/media/captcha/base/a1d7bb3fe0a01862d56be62ecf9d095b.png]
[new.vikababy.com/customer/account/login/referer/aHR0cHM6Ly9uZXcudmlrYWJhYnkuY29tL2N1c3RvbWVyL2FjY291bnQvZm9yZ290cGFzc3dvcmQv/https.html]
[new.vikababy.com/media/captcha/base/5500239679f15796b0838a6fd1a47213.png]
[new.vikababy.com/customer/account/login/referer/aHR0cHM6Ly9uZXcudmlrYWJhYnkuY29tL3N0amFnYXNjaC1rb2xhbi16YS1zbGVkLXJhemhkYW5lLmh0bWw,/https.html]
[new.vikababy.com/media/captcha/base/2d8f4c3df79550b6cba296b2c0b6c4d2.png]
[new.vikababy.com/customer/account/login/referer/aHR0cHM6Ly9uZXcudmlrYWJhYnkuY29tL3N1dGllbi16YS1icmVtZW5uaS1pLWthcm1lbmUuaHRtbA,,/https.html]
[new.vikababy.com/media/captcha/base/be011a87aa245bd194ab8ae501863d74.png]
[new.vikababy.com/customer/account/login/referer/aHR0cHM6Ly9uZXcudmlrYWJhYnkuY29tL2JqdXN0aWUtemEtbGVzbm8taXpjZXpoZGFuZS5odG1s/https.html]
[new.vikababy.com/media/captcha/base/fa6891b91ae043de809d9935208a2e96.png]
[new.vikababy.com/customer/account/login/referer/aHR0cHM6Ly9uZXcudmlrYWJhYnkuY29tL3ZhemdsYXZuaWNhLXphLWthcm1lbmUuaHRtbA,,/https.html]
[new.vikababy.com/media/captcha/base/7d64da4e3b06d1bc7ee648347d934af3.png]
[new.vikababy.com/customer/account/login/referer/aHR0cHM6Ly9uZXcudmlrYWJhYnkuY29tL2VyZ29ub21pY2huYS1yYW5pY2EuaHRtbA,,/https.html]
[new.vikababy.com/media/captcha/base/bffb91e06b675b2e57d1d0949e086a1f.png]
[new.vikababy.com/customer/account/login/referer/aHR0cHM6Ly9uZXcudmlrYWJhYnkuY29tL3JhbmljYS16YS1rb2xpY2hrYS5odG1s/https.html]
[new.vikababy.com/media/captcha/base/b92dfb9e1f0a2d94a157d2df4703daec.png]
[new.vikababy.com/customer/account/login/referer/aHR0cHM6Ly9uZXcudmlrYWJhYnkuY29tL3BvZGQtcnpoYXNjaC1rb2xhbi16YS1icmVtZW5uaS12aWthLWJhYnkuaHRtbA,,/https.html]
[new.vikababy.com/media/captcha/base/d3510e4ada6250a300329786865c4c49.png]
[new.vikababy.com/customer/account/login/referer/aHR0cHM6Ly9uZXcudmlrYWJhYnkuY29tL2V6aGVkbmV2bmktYmlraW5pLXphLWJyZW1lbm5pLmh0bWw,/https.html]
[new.vikababy.com/media/captcha/base/07b3634a4db0c98217f5e8a271a97931.png]
[new.vikababy.com/customer/account/login/referer/aHR0cHM6Ly9uZXcudmlrYWJhYnkuY29tL29yZ2FuYWp6ZXItemEta29zaGFyYS1pbGktbGVnbG8uaHRtbA,,/https.html]
[new.vikababy.com/media/captcha/base/46f49f9fa4ceb754ff9441a9be96a40b.png]
[new.vikababy.com/customer/account/login/referer/aHR0cHM6Ly9uZXcudmlrYWJhYnkuY29tL3ByZW5vc2ltLW9yZ2FuYWp6ZXIuaHRtbA,,/https.html]
[new.vikababy.com/media/captcha/base/0c5915f1296806a5cedbbb9cceafddab.png]
[new.vikababy.com/customer/account/login/referer/aHR0cHM6Ly9uZXcudmlrYWJhYnkuY29tL2dyaXZuaS1kci1ua2Fsa2ktaS1jaG9yYXBraS5odG1s/https.html]
[new.vikababy.com/media/captcha/base/a62fe18e764b656e3de6999651f1247c.png]
[new.vikababy.com/customer/account/login/referer/aHR0cHM6Ly9uZXcudmlrYWJhYnkuY29tL3J1a2F2aWNoa2ktY2hlc2Fsa2ktemEtZ3JpemFuZS5odG1s/https.html]
